Resolving dependencies in `/Users/volodymyrshyrochuk/pet/taro`...
Downloading packages...
  _fe_analyzer_shared 96.0.0 (108.0.0 available)
  analyzer 10.2.0 (14.4.0 available)
  build 4.0.7 (4.0.11 available)
  build_runner 2.15.1 (2.16.1 available)
  built_collection 5.1.1 (5.1.2 available)
! cli_util 0.5.2 (overridden) (0.6.0 available)
  clock 1.1.2 (1.1.3 available)
  code_assets 1.2.1 (2.1.0 available)
  connectivity_plus 7.3.1 (7.3.2 available)
  cross_file 0.3.5+5 (0.4.0 available)
  cupertino_ui 1.0.2 (1.1.1 available)
  dart_style 3.1.7 (3.1.13 available)
  dbus 0.7.15 (0.8.0 available)
  device_info_plus 13.2.0 (13.3.0 available)
  drift 2.34.0 (2.35.1 available)
  drift_dev 2.34.0 (2.35.1 available)
  equatable 2.1.0 (3.0.0 available)
  file_picker_linux 2.0.0 (2.0.1 available)
  flutter_timezone 5.1.0 (5.1.1 available)
  freezed 3.2.5 (4.0.2 available)
  frontend_server_client 4.0.0 (4.1.0 available)
  go_router 18.0.1 (18.0.2 available)
  hooks 2.0.2 (2.2.0 available)
  intl 0.20.2 (0.20.3 available)
  jni 1.0.3 (1.1.0 available)
  matcher 0.12.19 (0.12.20 available)
  material_color_utilities 0.13.0 (0.13.1 available)
  material_ui 1.2.0 (1.5.0 available)
  meta 1.18.0 (1.19.0 available)
  native_toolchain_c 0.19.2 (0.19.5 available)
  nm 0.5.0 (0.6.0 available)
  objective_c 9.5.0 (9.6.2 available)
  package_config 2.2.0 (3.0.0 available)
  package_info_plus 10.2.1 (10.2.2 available)
  petitparser 7.0.2 (7.1.0 available)
  platform 3.1.6 (3.2.0 available)
  record_use 0.6.0 (1.1.1 available)
  share_plus 13.3.0 (13.3.1 available)
  source_gen 4.2.4 (4.3.0 available)
  sqlite3 3.5.2 (3.7.0 available)
  sqlparser 0.44.5 (0.45.0 available)
  stack_trace 1.12.1 (1.12.2 available)
  test 1.31.0 (1.32.0 available)
  test_api 0.7.11 (0.7.14 available)
  test_core 0.6.17 (0.6.20 available)
  url_launcher 6.3.2 (6.3.3 available)
  vector_math 2.2.0 (2.4.3 available)
  very_good_analysis 10.3.0 (11.0.0 available)
  webview_flutter_wkwebview 3.26.1 (3.27.0 available)
  xml 7.0.1 (7.1.0 available)
Got dependencies in `/Users/volodymyrshyrochuk/pet/taro`!
50 packages have newer versions incompatible with dependency constraints.
Try `flutter pub outdated` for more information.
00:00 +0: loading /Users/volodymyrshyrochuk/pet/taro/apps/taro/integration_test/qa/staging_e2e_test.dart
Running Gradle task 'assembleStagingDebug'...                   
WARNING: Your app uses the following plugins that apply Kotlin Gradle Plugin (KGP): firebase_analytics, firebase_core, firebase_crashlytics, flutter_timezone, in_app_review, patrol
Future versions of Flutter will fail to build if your app uses plugins that apply KGP.

Please check the changelogs of these plugins and upgrade to a version that supports Built-in Kotlin.
If no such version exists, report the issue to the plugin. If necessary, here is a guide on filing 
an issue against a plugin: https://docs.flutter.dev/release/breaking-changes/migrate-to-built-in-kotlin/for-app-developers#report-incompatible-kotlin-gradle-plugin-usage-to-plugin-authors

If you are a plugin author, please migrate your plugin to Built-in Kotlin using this guide: https://docs.flutter.dev/release/breaking-changes/migrate-to-built-in-kotlin/for-plugin-authors
Running Gradle task 'assembleStagingDebug'...                      20.8s
✓ Built build/app/outputs/flutter-apk/app-staging-debug.apk
Installing build/app/outputs/flutter-apk/app-staging-debug.apk...        509ms
00:00 +0: B1 onboarding and registration
INFO taro.install: install identity created
QA: wait ScreenId.s02
QA: tap A finder that searches for widgets with text "Get started".
QA: wait ScreenId.s03
QA: tap A finder that searches for widgets with text "I understand".
QA: wait ScreenId.s04
QA: tap A finder that searches for widgets with text "Allow AI readings".
QA: wait ScreenId.s05
FINE taro.analytics: consent resolved: flushed 7, overflowed 0
INFO taro.consent: consent: notRequired ads=true att=notSupported init=true
INFO taro.install: install registered (trust: high)
QA: TIMING register+balance=356ms
INFO taro.entitlement: ownership query failed: PRODUCT_UNAVAILABLE
QA: balance: CreditBalance(free: FreeAllowance(limit: 1, used: 0, remaining: 0, localDate: 2026-10-04, resetsAt: 2026-10-04 21:00:00.000Z, timezone: Europe/Kiev, paused: false), bonus: 0, paid: 0, canRead: false, canReadReason: CanReadReason.noCredits, nextSource: null, rewarded: RewardedStatus(enabled: true, amount: 1, dailyCap: 3, grantedToday: 0, available: true, cooldownEndsAt: null), paidBlocked: false, purchasesAllowed: true, purchasesBlockedReason: null, ledgerVersion: 0, serverTime: 2026-10-04 09:58:32.000Z, syncedAt: 2026-10-04 09:58:32.182612Z)
QA: S05: Sunday, October 4 | Good morning | Free reading used | Next free reading in 11 h 1 min | YOUR DAILY CARD | One card to sit with today | Free, works offline, no AI. | Reveal card
QA: TIMINGS {"register+balance":356}
QA: BUGS []
00:05 +1: B2 paywall and rewarded ad
QA: already onboarded
QA: TIMING register+balance=0ms
QA: balance before: CreditBalance(free: FreeAllowance(limit: 1, used: 0, remaining: 0, localDate: 2026-10-04, resetsAt: 2026-10-04 21:00:00.000Z, timezone: Europe/Kiev, paused: false), bonus: 0, paid: 0, canRead: false, canReadReason: CanReadReason.noCredits, nextSource: null, rewarded: RewardedStatus(enabled: true, amount: 1, dailyCap: 3, grantedToday: 0, available: true, cooldownEndsAt: null), paidBlocked: false, purchasesAllowed: true, purchasesBlockedReason: null, ledgerVersion: 0, serverTime: 2026-10-04 09:58:32.000Z, syncedAt: 2026-10-04 09:58:32.182612Z)
QA: wait ScreenId.s05
FINE taro.analytics: consent resolved: flushed 0, overflowed 0
INFO taro.consent: consent: notRequired ads=true att=notSupported init=true
INFO taro.entitlement: ownership query failed: PRODUCT_UNAVAILABLE
QA: tap A finder that searches for widgets with type "TaroButton" that are ancestors of widgets with text "Start a reading".
QA: wait ScreenId.s06
QA: tap A finder that searches for widgets with text "Single card".
QA: wait ScreenId.s07
QA: tap A finder that searches for widgets with type "TaroButton" that are ancestors of widgets with text "Begin".
QA: wait ScreenId.s10
QA: TIMING paywall (Begin→S10)=119ms
QA: S10: Single card | What would you like to reflect on? | Your question (optional) | Open questions work well. Taro can’t answer health, legal, money or pregnancy questions. | You’ve used today’s free reading | Your question and spread are saved. | Get more readings | Begin | Free reading used | You’ve used today’s free reading | Your question and spread are saved. | Next free reading in 11 h 1 min (at 9:00 PM) | Watch an ad for 1 reading | Optional · 3 left today | Get more readings | Loading… | Readings don’t expire and are kept for this app installation. They can’t be restored with Restore Purchases. | Until then: | Daily card | Learn | Not now | Terms | Privacy | For entertainment and self-reflection. Not professional advice. | Single card | What would you like to reflect on? | Your question (optional) | Open questions work well. Taro can’t answer health, legal, money or pregnancy questions. |  | You’ve used today’s free reading
QA: tap A finder that searches for widgets with text containing Watch an ad for 1 reading (ignoring all but first).
QA: wait ScreenId.s12
QA_HOST: closead
INFO taro.entitlement: ownership query failed: PRODUCT_UNAVAILABLE
QA: TIMING rewarded outcome=105818ms
QA: S12 outcome: Single card | What would you like to reflect on? | Your question (optional) | Open questions work well. Taro can’t answer health, legal, money or pregnancy questions. | You’ve used today’s free reading | Your question and spread are saved. | Get more readings | Begin | Free reading used | Your reading will appear shortly | You’ve used today’s free reading | Your question and spread are saved. | Next free reading in 10 h 59 min (at 9:00 PM) | Watch an ad for 1 reading | Optional · 3 left today | Get more readings | Prices unavailable — retry | Try again | Readings don’t expire and are kept for this app installation. They can’t be restored with Restore Purchases. | Until then:
QA: balance after rewarded: CreditBalance(free: FreeAllowance(limit: 1, used: 0, remaining: 0, localDate: 2026-10-04, resetsAt: 2026-10-04 21:00:00.000Z, timezone: Europe/Kiev, paused: false), bonus: 0, paid: 0, canRead: false, canReadReason: CanReadReason.noCredits, nextSource: null, rewarded: RewardedStatus(enabled: true, amount: 1, dailyCap: 3, grantedToday: 0, available: true, cooldownEndsAt: null), paidBlocked: false, purchasesAllowed: true, purchasesBlockedReason: null, ledgerVersion: 1, serverTime: 2026-10-04 10:00:30.000Z, syncedAt: 2026-10-04 10:00:30.409157Z)
QA: TIMINGS {"register+balance":0,"paywall (Begin→S10)":119,"rewarded outcome":105818}
QA: BUGS []
02:03 +2: B3 safety: rephrase and crisis
QA: already onboarded
QA: TIMING register+balance=0ms
QA_HOST: grant 36948fb7
FINE taro.analytics: consent resolved: flushed 0, overflowed 0
INFO taro.consent: consent: notRequired ads=true att=notSupported init=true
INFO taro.entitlement: ownership query failed: PRODUCT_UNAVAILABLE
QA: balance after grant: CreditBalance(free: FreeAllowance(limit: 1, used: 0, remaining: 0, localDate: 2026-10-04, resetsAt: 2026-10-04 21:00:00.000Z, timezone: Europe/Kiev, paused: false), bonus: 4, paid: 0, canRead: true, canReadReason: null, nextSource: ChargeSource.bonus, rewarded: RewardedStatus(enabled: true, amount: 1, dailyCap: 3, grantedToday: 0, available: true, cooldownEndsAt: null), paidBlocked: false, purchasesAllowed: true, purchasesBlockedReason: null, ledgerVersion: 2, serverTime: 2026-10-04 10:00:40.000Z, syncedAt: 2026-10-04 10:00:40.813145Z)
QA: balance before: CreditBalance(free: FreeAllowance(limit: 1, used: 0, remaining: 0, localDate: 2026-10-04, resetsAt: 2026-10-04 21:00:00.000Z, timezone: Europe/Kiev, paused: false), bonus: 4, paid: 0, canRead: true, canReadReason: null, nextSource: ChargeSource.bonus, rewarded: RewardedStatus(enabled: true, amount: 1, dailyCap: 3, grantedToday: 0, available: true, cooldownEndsAt: null), paidBlocked: false, purchasesAllowed: true, purchasesBlockedReason: null, ledgerVersion: 2, serverTime: 2026-10-04 10:00:40.000Z, syncedAt: 2026-10-04 10:00:40.813145Z)
QA: wait ScreenId.s05
QA: tap A finder that searches for widgets with type "TaroButton" that are ancestors of widgets with text "Start a reading".
QA: wait ScreenId.s06
QA: tap A finder that searches for widgets with text "Past, Present, Future".
QA: wait ScreenId.s07
QA: tap A finder that searches for widgets with type "TaroButton" that are ancestors of widgets with text "Begin".
QA: wait ScreenId.s08
QA: TIMING hold (Begin→S08)=117ms
QA: tap A finder that searches for widgets with type "TaroButton" that are ancestors of widgets with text "Shuffle".
QA: tap A finder that searches for widgets with type "TaroButton" that are ancestors of widgets with text "I’m ready — draw".
QA: tap A finder that searches for widgets with type "TaroButton" that are ancestors of widgets with text "Draw for me".
QA: tap A finder that searches for widgets with type "TaroButton" that are ancestors of widgets with text "Reveal all".
QA: TIMING refusal shown (since Draw for me)=4251ms
QA: S07 after refusal: We can’t read this question | Tarot can’t predict bets, games or numbers. | Your question | Will I win the lottery next week? | Not charged. Your reading is still available. | You could ask instead | What am I hoping will change? | What does chance mean to me right now? | Where could I find more excitement in everyday life? | Reflecting without a question keeps the cards you drew. A new question draws new cards. | Rephrase my question | Reflect on the cards without a question | Free reading used · 4 readings |  | We can’t read this question | Tarot can’t predict bets, games or numbers. | Your question | Will I win the lottery next week? |  | Not charged. Your reading is still available. | You could ask instead | What am I hoping will change? | What does chance mean to me right now? | Where could I find more excitement in everyday life? | Reflecting without a question keeps the cards you drew. A new question draws new cards. | Rephrase my question | Reflect on the cards without a question |  | Free reading used · 4 readings
QA: wait ScreenId.s05
QA: wait ScreenId.s05
QA: tap A finder that searches for widgets with type "TaroButton" that are ancestors of widgets with text "Start a reading".
QA: wait ScreenId.s06
QA: tap A finder that searches for widgets with text "Past, Present, Future".
QA: wait ScreenId.s07
QA: tap A finder that searches for widgets with type "TaroButton" that are ancestors of widgets with text "Begin".
QA: wait ScreenId.s08
QA: TIMING hold (Begin→S08)=116ms
QA: tap A finder that searches for widgets with type "TaroButton" that are ancestors of widgets with text "Shuffle".
QA: tap A finder that searches for widgets with type "TaroButton" that are ancestors of widgets with text "I’m ready — draw".
QA: tap A finder that searches for widgets with type "TaroButton" that are ancestors of widgets with text "Draw for me".
QA: tap A finder that searches for widgets with type "TaroButton" that are ancestors of widgets with text "Reveal all".
QA: wait ScreenId.s27
QA: TIMING crisis S27 (since Draw for me)=1218ms
QA: S27: You’re not alone | If you are thinking about harming yourself, please reach out now. Talking to someone can help. | Lifeline Ukraine | ⁦7333⁩ · 24/7 | Call | Find a helpline in another country | findahelpline.​com | Free, confidential support lines worldwide | Open | Show resources for another country | Last checked January 1970 | You’re not alone | If you are thinking about harming yourself, please reach out now. Talking to someone can help. | Lifeline Ukraine | ⁦7333⁩ · 24/7 |  | Call | Find a helpline in another country | findahelpline.​com | Free, confidential support lines worldwide |  | Open | Show resources for another country | Last checked January 1970 | 
QA: TIMINGS {"register+balance":0,"hold (Begin→S08)":116,"refusal shown (since Draw for me)":4250,"crisis S27 (since Draw for me)":1218}
QA: BUGS []
02:27 +3: B4 single reading en and journal
QA: already onboarded
QA: TIMING register+balance=0ms
QA: wait ScreenId.s05
FINE taro.analytics: consent resolved: flushed 0, overflowed 0
INFO taro.consent: consent: notRequired ads=true att=notSupported init=true
QA: tap A finder that searches for widgets with type "TaroButton" that are ancestors of widgets with text "Start a reading".
INFO taro.entitlement: ownership query failed: PRODUCT_UNAVAILABLE
QA: wait ScreenId.s06
QA: tap A finder that searches for widgets with text "Single card".
QA: wait ScreenId.s07
QA: tap A finder that searches for widgets with type "TaroButton" that are ancestors of widgets with text "Begin".
QA: wait ScreenId.s08
QA: TIMING hold (Begin→S08)=115ms
QA: tap A finder that searches for widgets with type "TaroButton" that are ancestors of widgets with text "Shuffle".
QA: tap A finder that searches for widgets with type "TaroButton" that are ancestors of widgets with text "I’m ready — draw".
QA: tap A finder that searches for widgets with type "TaroButton" that are ancestors of widgets with text "Draw for me".
QA: tap A finder that searches for widgets with type "TaroButton" that are ancestors of widgets with text "Reveal all".
QA: TIMING reading single en (since Draw for me)=7655ms
QA: wait ScreenId.s09
QA: S09 footer:  | Add note |  | Full disclaimer | For entertainment and self-reflection. Not professional advice. | 
QA: tap A finder that searches for widgets with widget matching predicate.
QA: wait ScreenId.s05
QA: tap A finder that searches for widgets with text "Journal".
QA: wait ScreenId.s14
QA: TIMINGS {"register+balance":0,"hold (Begin→S08)":115,"reading single en (since Draw for me)":7655}
QA: BUGS []
02:42 +4: B5 ar: three_ppf reading and report
QA: already onboarded
QA: TIMING register+balance=0ms
QA: tap A finder that searches for widgets with text "Settings".
FINE taro.analytics: consent resolved: flushed 0, overflowed 0
INFO taro.consent: consent: notRequired ads=true att=notSupported init=true
INFO taro.entitlement: ownership query failed: PRODUCT_UNAVAILABLE
QA: wait ScreenId.s20
QA: tap A finder that searches for widgets with text "Language".
QA: wait ScreenId.s21
QA: tap A finder that searches for widgets with key [<'ar'>].
QA: tap A finder that searches for widgets with a semantics label named "رجوع".
QA: wait ScreenId.s20
QA: tap A finder that searches for widgets with text "اليوم".
QA: wait ScreenId.s05
QA: S05 ar chip: Rect.fromLTRB(135.4, 132.0, 395.4, 180.0)
QA: wait ScreenId.s05
QA: tap A finder that searches for widgets with type "TaroButton" that are ancestors of widgets with text "بدء قراءة".
QA: wait ScreenId.s06
QA: tap A finder that searches for widgets with text "الماضي والحاضر والمستقبل".
QA: wait ScreenId.s07
QA: tap A finder that searches for widgets with type "TaroButton" that are ancestors of widgets with text "بدء".
QA: wait ScreenId.s08
QA: TIMING hold (Begin→S08)=117ms
QA: tap A finder that searches for widgets with type "TaroButton" that are ancestors of widgets with text "خلط".
QA: tap A finder that searches for widgets with type "TaroButton" that are ancestors of widgets with text "لنبدأ — السحب".
QA: tap A finder that searches for widgets with type "TaroButton" that are ancestors of widgets with text "السحب نيابةً عني".
QA: tap A finder that searches for widgets with type "TaroButton" that are ancestors of widgets with text "كشف الكل".
QA: TIMING reading three_ppf ar (since Draw for me)=12695ms
QA: wait ScreenId.s09
QA: S09 ar: الماضي والحاضر والمستقبل · الأحد، 4 أكتوبر | الماضي | معكوسة | الحاضر | المستقبل | «⁨ما الذي يجب أن أركز عليه هذا الأسبوع؟⁩» | من إنشاء الذكاء الاصطناعي | هدوء البحر وحدود الأرض | قد يكون التركيز هذا الأسبوع على الموازنة بين هدوء الاستجابة وما يمنحك إحساسًا بالانتماء والمساحة الشخصية. يدعوك ملك الكؤوس إلى التأمل في طريقة تعاملك مع المشاعر، بينما تفتح البطاقات مجالًا لمراجعة التوقعات واختيار ما يستحق انتباهك. | الماضي · ملك الكؤوس | ملك الكؤوس قد يشير إلى أسلوب سابق في احتواء المشاعر يمكن أن يفيد تركيزك هذا الأسبوع. عرشه فوق البحر المضطرب قد يعكس قدرة على الإصغاء مع الحفاظ على التوازن. إذا كان هذا مألوفًا لك، يمكنك ملاحظة ما ساعدك على الاستجابة بهدوء. وقد يستحق انتباهك الفرق بين رعاية الآخرين وإتاحة مساحة لما تشعر به أنت. | الحاضر · عشرة من العملات، معكوسة | عشرة من العملات في وضعها المعكوس قد تدعوك هذا الأسبوع إلى مراجعة معنى الاستقرار والانتماء لديك. القوس الذي تجلس تحته شخصية كبيرة في السن، وتبدو خلفه أسرة، قد يثير سؤالًا عن التوقعات الموروثة. ربما تجد أن بعضها يلائمك وبعضها يحتاج إلى إعادة نظر. يمكنك التركيز الآن على ما يجعل المكان أو العلاقة أكثر اتساعًا لاحتياجاتك. | المستقبل · سبعة من العصي | سبعة من العصي قد تقترح اتجاهًا لتركيزك هذا الأسبوع: توضيح ما يستحق أن تحافظ عليه. الشخصية الواقفة على أرض مرتفعة بحذاءين مختلفين قد تذكّرك بأن التمسك بموقف يمكن أن يصاحب شعورًا بقلة الاستعداد. إذا واجهت مطالب متعارضة، فقد يفيدك تحديد حدودك بكلمات بسيطة. ويمكنك التأمل في مقدار الجهد الذي ترغب في تخصيصه لكل مطلب. | كيف تترابط البطاقات | يربط ملك الكؤوس بين التركيز والهدوء، وتضيف عشرة من العملات سؤالًا عن التوقعات التي تمنحها مساحة هذا الأسبوع. ثم تتيح سبعة من العصي التفكير في كيفية حماية تلك المساحة إذا احتجت إلى ذلك. قد يجمع بينها اختيار استجابة تراعي مشاعرك وانتماءك وحدودك معًا. كخطوة صغيرة، يمكنك كتابة جملة واحدة تصف ما ترغب في منح انتباهك له هذا الأسبوع. | أسئلة للتأمل | ما الذي يمكنك الاستفادة منه هذا الأسبوع في صورة ملك الكؤوس الهادئ فوق البحر؟ | الكتابة عن هذا | أيّ توقعات مرتبطة بالانتماء، إن وجدت، ترغب في مراجعتها هذا الأسبوع؟ | الكتابة عن هذا | كيف يمكنك التعبير عن حدود انتباهك هذا الأسبوع، إذا احتجت إلى ذلك؟ | الكتابة عن هذا | إضافة ملاحظة
QA: S09 footer:  | إضافة ملاحظة |  | إخلاء المسؤولية كاملًا | للترفيه والتأمل الذاتي. ليست نصيحة مهنية. | 
QA: tap A finder that searches for widgets with a semantics label named "مزيد من الخيارات".
QA: tap A finder that searches for widgets with text "الإبلاغ عن هذه القراءة".
QA: wait ScreenId.s33
QA: tap A finder that searches for widgets with text "نصيحة ضارة".
QA: tap A finder that searches for widgets with text "إرسال البلاغ".
QA: TIMING report=2695ms
QA: wait ScreenId.s05
QA: tap A finder that searches for widgets with text "المذكرات".
QA: wait ScreenId.s14
QA: TIMINGS {"register+balance":0,"hold (Begin→S08)":117,"reading three_ppf ar (since Draw for me)":12695,"report":2695}
QA: BUGS []
03:08 +5: B6 de: three_ppf reading
QA: already onboarded
QA: tap A finder that searches for widgets with text "الإعدادات".
FINE taro.analytics: consent resolved: flushed 0, overflowed 0
INFO taro.consent: consent: notRequired ads=true att=notSupported init=true
INFO taro.entitlement: ownership query failed: PRODUCT_UNAVAILABLE
QA: wait ScreenId.s20
QA: tap A finder that searches for widgets with text "اللغة".
QA: wait ScreenId.s21
QA: tap A finder that searches for widgets with key [<'en'>].
QA: tap A finder that searches for widgets with a semantics label named "Back".
QA: wait ScreenId.s20
QA: tap A finder that searches for widgets with text "Today".
QA: wait ScreenId.s05
QA: TIMING register+balance=0ms
QA: tap A finder that searches for widgets with text "Settings".
QA: wait ScreenId.s20
QA: tap A finder that searches for widgets with text "Language".
QA: wait ScreenId.s21
QA: tap A finder that searches for widgets with key [<'de'>].
QA: tap A finder that searches for widgets with a semantics label named "Zurück".
QA: wait ScreenId.s20
QA: tap A finder that searches for widgets with text "Heute".
QA: wait ScreenId.s05
QA: wait ScreenId.s05
QA: tap A finder that searches for widgets with type "TaroButton" that are ancestors of widgets with text "Deutung beginnen".
QA: wait ScreenId.s06
QA: tap A finder that searches for widgets with text "Vergangenheit, Gegenwart, Zukunft".
QA: wait ScreenId.s07
QA: tap A finder that searches for widgets with type "TaroButton" that are ancestors of widgets with text "Beginnen".
QA: wait ScreenId.s08
QA: TIMING hold (Begin→S08)=118ms
QA: tap A finder that searches for widgets with type "TaroButton" that are ancestors of widgets with text "Mischen".
QA: tap A finder that searches for widgets with type "TaroButton" that are ancestors of widgets with text "Ich bin bereit – ziehen".
QA: tap A finder that searches for widgets with type "TaroButton" that are ancestors of widgets with text "Für mich ziehen".
QA: tap A finder that searches for widgets with type "TaroButton" that are ancestors of widgets with text "Alle aufdecken".
QA: TIMING reading three_ppf de (since Draw for me)=11334ms
QA: wait ScreenId.s09
QA: S09 de: Vergangenheit, Gegenwart, Zukunft · So., 4. Okt. | Vergangenheit | Gegenwart | Zukunft | „⁨Worauf sollte ich mich diese Woche konzentrieren?⁩“ | KI-generiert | Vom Kelch zum wachsenden Stab | Für deinen Fokus diese Woche können die Karten eine Verbindung zwischen Zugehörigkeit, aufmerksamem Zuhören und eigener Initiative anbieten. Die Königin der Kelche lädt dich ein, deine Bedürfnisse wahrzunehmen und daraus einen überschaubaren Schwerpunkt für dein Handeln zu wählen. | Vergangenheit · Zehn der Kelche | Die Zehn der Kelche können frühere Erfahrungen von Zugehörigkeit als Ausgangspunkt für deinen Fokus diese Woche ansprechen. Der Regenbogen über Haus und Fluss verbindet gemeinsames Glück mit einem vertrauten Ort. Vielleicht kennst du Momente, in denen Nähe dir Orientierung gegeben hat. Du könntest prüfen, welche dieser Erfahrungen heute deinen Blick auf eine erfüllende Woche prägen. | Gegenwart · Königin der Kelche | Die Königin der Kelche lädt dich ein, diese Woche deiner inneren Wahrnehmung Aufmerksamkeit zu schenken. Die Gestalt am Wasser hält einen geschlossenen, reich verzierten Kelch in beiden Händen. Dieses ruhige Bild kann Raum für Bedürfnisse eröffnen, die du erst erkunden möchtest. Als gegenwärtiger Schwerpunkt bietet sich an, aufmerksam zuzuhören und dabei auch deine eigenen Grenzen wahrzunehmen. | Zukunft · König der Stäbe | Der König der Stäbe kann für deinen Wochenfokus eine mögliche Richtung hin zu bewusster Initiative eröffnen. Sein sprießender Stab und die leicht vorgebeugte Haltung verbinden Wachstum mit Tatkraft. Wenn du einen für dich wichtigen Schwerpunkt erkennst, könntest du ihm durch eine kleine Handlung Ausdruck geben. Dabei lädt die Karte zu einem Vorgehen ein, das deinen Werten entspricht. | Wie die Karten zusammenhängen | Die Zehn der Kelche und die Königin der Kelche verbinden Zugehörigkeit mit aufmerksamem Wahrnehmen: Frühere Erfahrungen können deinen Wochenfokus anregen, während du heute prüfst, was dir entspricht. Zwischen dem gehaltenen Kelch und dem sprießenden Stab liegt der Übergang vom Zuhören zum Handeln. Der König der Stäbe ergänzt diese Ruhe um Initiative. Schreibe einen kleinen Schritt auf, dem du diese Woche Aufmerksamkeit geben möchtest. | Fragen zum Nachdenken | Welche Erfahrungen von Zugehörigkeit könnten für deinen Fokus diese Woche bedeutsam sein? | Darüber schreiben | Was möchtest du beim ruhigen Zuhören auf deine Bedürfnisse erkunden? | Darüber schreiben | Wie könnte eine kleine Initiative aussehen, die deinen Werten und deinem Wochenfokus entspricht? | Darüber schreiben | Notiz hinzufügen | Vergangenheit, Gegenwart, Zukunft · So., 4. Okt.
QA: S09 footer:  | Notiz hinzufügen |  | Vollständiger Hinweis | Zur Unterhaltung und Selbstreflexion. Keine professionelle Beratung. | 
QA: TIMINGS {"register+balance":0,"hold (Begin→S08)":118,"reading three_ppf de (since Draw for me)":11334}
QA: BUGS []
03:33 +6: B7 offline, export, delete, import
QA: already onboarded
QA: tap A finder that searches for widgets with text "Einstellungen".
FINE taro.analytics: consent resolved: flushed 0, overflowed 0
INFO taro.consent: consent: notRequired ads=true att=notSupported init=true
INFO taro.entitlement: ownership query failed: PRODUCT_UNAVAILABLE
QA: wait ScreenId.s20
QA: tap A finder that searches for widgets with text "Sprache".
QA: wait ScreenId.s21
QA: tap A finder that searches for widgets with key [<'en'>].
QA: tap A finder that searches for widgets with a semantics label named "Back".
QA: wait ScreenId.s20
QA: tap A finder that searches for widgets with text "Today".
QA: wait ScreenId.s05
QA: TIMING register+balance=0ms
QA: wait ScreenId.s05
QA_HOST: offline
QA: TIMING offline banner shown=987ms
QA_HOST: online
QA: TIMING offline banner hidden=2339ms
03:40 +6: B1 onboarding and registration
FINE taro.sync: sync skipped (connectivityRegained)
03:40 +6: B7 offline, export, delete, import
QA: journal before: 5 readings
QA_HOST: back
03:53 +6: B1 onboarding and registration
FINE taro.sync: sync skipped (resume)
03:53 +6: B7 offline, export, delete, import
QA: tap A finder that searches for widgets with text "Settings".
QA: wait ScreenId.s20
QA: tap A finder that searches for widgets with text "Delete all data".
QA: wait ScreenId.s26
QA: tap A finder that searches for widgets with type "TaroButton" that are ancestors of widgets with text "Delete all data".
QA: TIMING delete all=2116ms
QA: tap A finder that searches for widgets with type "TaroButton" that are ancestors of widgets with text "Done".
QA: after delete: Sunday, October 4 | Good morning | Free reading used · 1 reading | YOUR DAILY CARD | One card to sit with today | Free, works offline, no AI. | Reveal card | Ask the cards a question | Choose a spread, write a question if you like, and get a thoughtful AI interpretation. | Start a reading | Today | Journal | Learn | Settings | Sunday, October 4 | Good morning | Free reading used · 1 reading | YOUR DAILY CARD | One card to sit with today | Free, works offline, no AI.
QA: balance before delete: CreditBalance(free: FreeAllowance(limit: 1, used: 0, remaining: 0, localDate: 2026-10-04, resetsAt: 2026-10-04 21:00:00.000Z, timezone: Europe/Kiev, paused: false), bonus: 1, paid: 0, canRead: true, canReadReason: null, nextSource: ChargeSource.bonus, rewarded: RewardedStatus(enabled: true, amount: 1, dailyCap: 3, grantedToday: 0, available: true, cooldownEndsAt: null), paidBlocked: false, purchasesAllowed: true, purchasesBlockedReason: null, ledgerVersion: 12, serverTime: 2026-10-04 10:02:00.000Z, syncedAt: 2026-10-04 10:02:00.926772Z)
QA: balance after delete: CreditBalance(free: FreeAllowance(limit: 1, used: 0, remaining: 0, localDate: 2026-10-04, resetsAt: 2026-10-04 21:00:00.000Z, timezone: Europe/Kiev, paused: false), bonus: 1, paid: 0, canRead: true, canReadReason: null, nextSource: ChargeSource.bonus, rewarded: RewardedStatus(enabled: true, amount: 1, dailyCap: 3, grantedToday: 0, available: true, cooldownEndsAt: null), paidBlocked: false, purchasesAllowed: true, purchasesBlockedReason: null, ledgerVersion: 13, serverTime: 2026-10-04 10:02:35.000Z, syncedAt: 2026-10-04 10:02:35.410324Z)
QA: TIMINGS {"register+balance":0,"offline banner shown":987,"offline banner hidden":2339,"delete all":2116}
QA: BUGS []
04:08 +7: (tearDownAll)
04:08 +7: All tests passed!
rc=0 wall=276s
