[host] shot E0_home_en
[host] shot E1_language_picker
[host] shot E1_settings_uk
[host] shot E1_home_uk
[host] shot E2_spreads_uk
[host] shot E2_result_uk_top
[host] shot E2_result_uk_bottom
[host] shot E3_journal_uk
[host] shot E3_search_hit
[host] shot E3_search_empty
[host] shot E3_filter_daily
[host] shot E3_filter_fav
[host] shot FAIL_E3
[host] shot E4_learn_uk
[host] shot E4_learn_search_empty
[host] shot E4_card_detail
[host] shot E4_card_reversed
[host] shot E4_card_zoomed
[host] shot E4_card_next
[host] shot E5_faq
[host] shot E5_faq_search_hit
[host] shot E5_faq_search_empty
[host] shot E5_legal_terms
[host] shot FAIL_E5
[host] openurl taro://learn/card/major_00
[host] shot FAIL_E6
