Resolving dependencies in `/Users/volodymyrshyrochuk/pet/taro`...
Downloading packages...
  _fe_analyzer_shared 96.0.0 (108.0.0 available)
  analyzer 10.2.0 (14.4.0 available)
  build 4.0.7 (4.0.11 available)
  build_runner 2.15.1 (2.16.1 available)
  built_collection 5.1.1 (5.1.2 available)
! cli_util 0.5.2 (overridden) (0.6.0 available)
  clock 1.1.2 (1.1.3 available)
  code_assets 1.2.1 (2.1.0 available)
  connectivity_plus 7.3.1 (7.3.2 available)
  cross_file 0.3.5+5 (0.4.0 available)
  cupertino_ui 1.0.2 (1.1.1 available)
  dart_style 3.1.7 (3.1.13 available)
  dbus 0.7.15 (0.8.0 available)
  device_info_plus 13.2.0 (13.3.0 available)
  drift 2.34.0 (2.35.1 available)
  drift_dev 2.34.0 (2.35.1 available)
  equatable 2.1.0 (3.0.0 available)
  file_picker_linux 2.0.0 (2.0.1 available)
  flutter_timezone 5.1.0 (5.1.1 available)
  freezed 3.2.5 (4.0.2 available)
  frontend_server_client 4.0.0 (4.1.0 available)
  go_router 18.0.1 (18.0.2 available)
  hooks 2.0.2 (2.2.0 available)
  intl 0.20.2 (0.20.3 available)
  jni 1.0.3 (1.1.0 available)
  matcher 0.12.19 (0.12.20 available)
  material_color_utilities 0.13.0 (0.13.1 available)
  material_ui 1.2.0 (1.5.0 available)
  meta 1.18.0 (1.19.0 available)
  native_toolchain_c 0.19.2 (0.19.5 available)
  nm 0.5.0 (0.6.0 available)
  objective_c 9.5.0 (9.6.2 available)
  package_config 2.2.0 (3.0.0 available)
  package_info_plus 10.2.1 (10.2.2 available)
  petitparser 7.0.2 (7.1.0 available)
  platform 3.1.6 (3.2.0 available)
  record_use 0.6.0 (1.1.1 available)
  share_plus 13.3.0 (13.3.1 available)
  source_gen 4.2.4 (4.3.0 available)
  sqlite3 3.5.2 (3.7.0 available)
  sqlparser 0.44.5 (0.45.0 available)
  stack_trace 1.12.1 (1.12.2 available)
  test 1.31.0 (1.32.0 available)
  test_api 0.7.11 (0.7.14 available)
  test_core 0.6.17 (0.6.20 available)
  url_launcher 6.3.2 (6.3.3 available)
  vector_math 2.2.0 (2.4.3 available)
  very_good_analysis 10.3.0 (11.0.0 available)
  webview_flutter_wkwebview 3.26.1 (3.27.0 available)
  xml 7.0.1 (7.1.0 available)
Got dependencies in `/Users/volodymyrshyrochuk/pet/taro`!
50 packages have newer versions incompatible with dependency constraints.
Try `flutter pub outdated` for more information.
00:00 +0: loading /Users/volodymyrshyrochuk/pet/taro/apps/taro/integration_test/qa/staging_e2e_test.dart
Running Gradle task 'assembleStagingDebug'...                   
WARNING: Your app uses the following plugins that apply Kotlin Gradle Plugin (KGP): firebase_analytics, firebase_core, firebase_crashlytics, flutter_timezone, in_app_review, patrol
Future versions of Flutter will fail to build if your app uses plugins that apply KGP.

Please check the changelogs of these plugins and upgrade to a version that supports Built-in Kotlin.
If no such version exists, report the issue to the plugin. If necessary, here is a guide on filing 
an issue against a plugin: https://docs.flutter.dev/release/breaking-changes/migrate-to-built-in-kotlin/for-app-developers#report-incompatible-kotlin-gradle-plugin-usage-to-plugin-authors

If you are a plugin author, please migrate your plugin to Built-in Kotlin using this guide: https://docs.flutter.dev/release/breaking-changes/migrate-to-built-in-kotlin/for-plugin-authors
Running Gradle task 'assembleStagingDebug'...                      14.0s
✓ Built build/app/outputs/flutter-apk/app-staging-debug.apk
Installing build/app/outputs/flutter-apk/app-staging-debug.apk...         3.3s
00:00 +0: B9 refusal state: health, gambling, crisis
INFO taro.install: install identity created
QA: wait ScreenId.s02
QA: tap A finder that searches for widgets with text "Get started".
QA: wait ScreenId.s03
QA: tap A finder that searches for widgets with text "I understand".
QA: wait ScreenId.s04
QA: tap A finder that searches for widgets with text "Allow AI readings".
QA: wait ScreenId.s05
FINE taro.analytics: consent resolved: flushed 6, overflowed 0
INFO taro.install: install registered (trust: high)
INFO taro.entitlement: ownership query failed: PRODUCT_UNAVAILABLE
INFO taro.consent: consent: notRequired ads=true att=notSupported init=true
QA: TIMING register+balance=0ms
QA_HOST: grant 81aa2564
QA: balance after grant: CreditBalance(free: FreeAllowance(limit: 1, used: 0, remaining: 0, localDate: 2026-10-04, resetsAt: 2026-10-04 21:00:00.000Z, timezone: Europe/Kiev, paused: false), bonus: 4, paid: 0, canRead: true, canReadReason: null, nextSource: ChargeSource.bonus, rewarded: RewardedStatus(enabled: true, amount: 1, dailyCap: 3, grantedToday: 0, available: true, cooldownEndsAt: null), paidBlocked: false, purchasesAllowed: true, purchasesBlockedReason: null, ledgerVersion: 1, serverTime: 2026-10-04 16:03:08.000Z, syncedAt: 2026-10-04 16:03:08.339534Z)
QA: balance before: CreditBalance(free: FreeAllowance(limit: 1, used: 0, remaining: 0, localDate: 2026-10-04, resetsAt: 2026-10-04 21:00:00.000Z, timezone: Europe/Kiev, paused: false), bonus: 4, paid: 0, canRead: true, canReadReason: null, nextSource: ChargeSource.bonus, rewarded: RewardedStatus(enabled: true, amount: 1, dailyCap: 3, grantedToday: 0, available: true, cooldownEndsAt: null), paidBlocked: false, purchasesAllowed: true, purchasesBlockedReason: null, ledgerVersion: 1, serverTime: 2026-10-04 16:03:08.000Z, syncedAt: 2026-10-04 16:03:08.339534Z)
QA: pace 0s
QA: wait ScreenId.s05
QA: wait ScreenId.s05
QA: tap A finder that searches for widgets with type "TaroButton" that are ancestors of widgets with text "Start a reading".
QA: wait ScreenId.s06
QA: tap A finder that searches for widgets with text "Past, Present, Future".
QA: wait ScreenId.s07
QA: tap A finder that searches for widgets with type "TaroButton" that are ancestors of widgets with text "Begin".
QA: wait ScreenId.s08
QA: TIMING hold (Begin→S08)=129ms
QA: tap A finder that searches for widgets with type "TaroButton" that are ancestors of widgets with text "Shuffle".
QA: tap A finder that searches for widgets with type "TaroButton" that are ancestors of widgets with text "I’m ready — draw".
QA: tap A finder that searches for widgets with type "TaroButton" that are ancestors of widgets with text "Draw for me".
QA: tap A finder that searches for widgets with type "TaroButton" that are ancestors of widgets with text "Reveal all".
QA: TIMING crisis first (drew=true)=2652ms
QA: crisis first S27: You’re not alone | If you are thinking about harming yourself, please reach out now. Talking to someone can help. | ⁨Lifeline Ukraine⁩ | ⁦7333⁩ · 24/7 | Call | Find a helpline in another country | findahelpline.​com | Free, confidential support lines worldwide | Open | Show resources for another country | You’re not alone | If you are thinking about harming yourself, please reach out now. Talking to someone can help. | ⁨Lifeline Ukraine⁩ | ⁦7333⁩ · 24/7 |  | Call | Find a helpline in another country | findahelpline.​com | Free, confidential support lines worldwide |  | Open | Show resources for another country | 
QA: crisis first balance: CreditBalance(free: FreeAllowance(limit: 1, used: 0, remaining: 0, localDate: 2026-10-04, resetsAt: 2026-10-04 21:00:00.000Z, timezone: Europe/Kiev, paused: false), bonus: 4, paid: 0, canRead: true, canReadReason: null, nextSource: ChargeSource.bonus, rewarded: RewardedStatus(enabled: true, amount: 1, dailyCap: 3, grantedToday: 0, available: true, cooldownEndsAt: null), paidBlocked: false, purchasesAllowed: true, purchasesBlockedReason: null, ledgerVersion: 3, serverTime: 2026-10-04 16:03:17.000Z, syncedAt: 2026-10-04 16:03:17.797446Z)
QA: pace 0s
QA: wait ScreenId.s05
QA: wait ScreenId.s05
QA: tap A finder that searches for widgets with type "TaroButton" that are ancestors of widgets with text "Start a reading".
QA: wait ScreenId.s06
QA: tap A finder that searches for widgets with text "Past, Present, Future".
QA: wait ScreenId.s07
QA: tap A finder that searches for widgets with type "TaroButton" that are ancestors of widgets with text "Begin".
QA: wait ScreenId.s08
QA: TIMING hold (Begin→S08)=115ms
QA: tap A finder that searches for widgets with type "TaroButton" that are ancestors of widgets with text "Shuffle".
QA: tap A finder that searches for widgets with type "TaroButton" that are ancestors of widgets with text "I’m ready — draw".
QA: tap A finder that searches for widgets with type "TaroButton" that are ancestors of widgets with text "Draw for me".
QA: tap A finder that searches for widgets with type "TaroButton" that are ancestors of widgets with text "Reveal all".
QA: TIMING health en refusal (drew=true)=3821ms
QA: health en S07: We can’t read this question | Tarot can’t tell how someone’s health will turn out. A doctor is the right person to ask. | Your question | Will my kids get sick this winter? | Not charged. Your reading is still available. | You could ask instead | How can I care for myself right now? | How can I support the people I love? | What would help me feel calmer while I wait? | Reflecting without a question keeps the cards you drew. A new question draws new cards. | Rephrase my question | Reflect on the cards without a question | Free reading used · 4 readings |  | We can’t read this question | Tarot can’t tell how someone’s health will turn out. A doctor is the right person to ask. | Your question | Will my kids get sick this winter? |  | Not charged. Your reading is still available. | You could ask instead | How can I care for myself right now? | How can I support the people I love? | What would help me feel calmer while I wait? | Reflecting without a question keeps the cards you drew. A new question draws new cards. | Rephrase my question | Reflect on the cards without a question |  | Free reading used · 4 readings
QA: health en chips=3 reflect=true drew=true
QA: health en balance: CreditBalance(free: FreeAllowance(limit: 1, used: 0, remaining: 0, localDate: 2026-10-04, resetsAt: 2026-10-04 21:00:00.000Z, timezone: Europe/Kiev, paused: false), bonus: 4, paid: 0, canRead: true, canReadReason: null, nextSource: ChargeSource.bonus, rewarded: RewardedStatus(enabled: true, amount: 1, dailyCap: 3, grantedToday: 0, available: true, cooldownEndsAt: null), paidBlocked: false, purchasesAllowed: true, purchasesBlockedReason: null, ledgerVersion: 5, serverTime: 2026-10-04 16:03:29.000Z, syncedAt: 2026-10-04 16:03:28.910032Z)
QA: tap A finder that searches for widgets with type "TaroChip" (ignoring all but first).
QA: after chip: field=How can I care for myself right now?
QA: after chip: Past, Present, Future | What would you like to reflect on? | Your question (optional) | Open questions work well. Taro can’t answer health, legal, money or pregnancy questions. | Ideas | How has my past shaped where I am now? | What do I need to understand about this situation? | Where might this path be heading, and what can I do about it? | Begin | Uses 1 of your 4 readings. Your question is sent to an AI service to write the reading and isn’t stored. | Free reading used · 4 readings | Past, Present, Future
QA: pace 0s
QA: wait ScreenId.s05
QA: wait ScreenId.s05
QA: tap A finder that searches for widgets with type "TaroButton" that are ancestors of widgets with text "Start a reading".
QA: wait ScreenId.s06
QA: tap A finder that searches for widgets with text "Past, Present, Future".
QA: wait ScreenId.s07
QA: tap A finder that searches for widgets with type "TaroButton" that are ancestors of widgets with text "Begin".
QA: wait ScreenId.s08
QA: TIMING hold (Begin→S08)=115ms
QA: tap A finder that searches for widgets with type "TaroButton" that are ancestors of widgets with text "Shuffle".
QA: tap A finder that searches for widgets with type "TaroButton" that are ancestors of widgets with text "I’m ready — draw".
QA: tap A finder that searches for widgets with type "TaroButton" that are ancestors of widgets with text "Draw for me".
QA: tap A finder that searches for widgets with type "TaroButton" that are ancestors of widgets with text "Reveal all".
QA: TIMING health uk refusal (drew=true)=4118ms
QA: health uk S07: We can’t read this question | Tarot can’t tell how someone’s health will turn out. A doctor is the right person to ask. | Your question | Чи діти будуть хворіти? | Not charged. Your reading is still available. | You could ask instead | How can I care for myself right now? | How can I support the people I love? | What would help me feel calmer while I wait? | Reflecting without a question keeps the cards you drew. A new question draws new cards. | Rephrase my question | Reflect on the cards without a question | Free reading used · 4 readings |  | We can’t read this question | Tarot can’t tell how someone’s health will turn out. A doctor is the right person to ask. | Your question | Чи діти будуть хворіти? |  | Not charged. Your reading is still available. | You could ask instead | How can I care for myself right now? | How can I support the people I love? | What would help me feel calmer while I wait? | Reflecting without a question keeps the cards you drew. A new question draws new cards. | Rephrase my question | Reflect on the cards without a question |  | Free reading used · 4 readings
QA: health uk chips=3 reflect=true drew=true
QA: health uk balance: CreditBalance(free: FreeAllowance(limit: 1, used: 0, remaining: 0, localDate: 2026-10-04, resetsAt: 2026-10-04 21:00:00.000Z, timezone: Europe/Kiev, paused: false), bonus: 4, paid: 0, canRead: true, canReadReason: null, nextSource: ChargeSource.bonus, rewarded: RewardedStatus(enabled: true, amount: 1, dailyCap: 3, grantedToday: 0, available: true, cooldownEndsAt: null), paidBlocked: false, purchasesAllowed: true, purchasesBlockedReason: null, ledgerVersion: 7, serverTime: 2026-10-04 16:03:40.000Z, syncedAt: 2026-10-04 16:03:40.215691Z)
QA: tap A finder that searches for widgets with type "TaroButton" that are ancestors of widgets with text "Rephrase my question".
QA: after Rephrase: field=Чи діти будуть хворіти?; Past, Present, Future | What would you like to reflect on? | Your question (optional) | Open questions work well. Taro can’t answer health, legal, money or pregnancy questions. | Ideas | How has my past shaped where I am now? | What do I need to understand about this situation? | Where might this path be heading, and what can I do about it? | Begin | Uses 1 of your 4 readings. Your question is sent to an AI service to write the reading and isn’t stored. | Free reading used · 4 readings | Past, Present, Future
QA: pace 0s
QA: wait ScreenId.s05
QA: wait ScreenId.s05
QA: tap A finder that searches for widgets with type "TaroButton" that are ancestors of widgets with text "Start a reading".
QA: wait ScreenId.s06
QA: tap A finder that searches for widgets with text "Past, Present, Future".
QA: wait ScreenId.s07
QA: tap A finder that searches for widgets with type "TaroButton" that are ancestors of widgets with text "Begin".
QA: wait ScreenId.s08
QA: TIMING hold (Begin→S08)=115ms
QA: tap A finder that searches for widgets with type "TaroButton" that are ancestors of widgets with text "Shuffle".
QA: tap A finder that searches for widgets with type "TaroButton" that are ancestors of widgets with text "I’m ready — draw".
QA: tap A finder that searches for widgets with type "TaroButton" that are ancestors of widgets with text "Draw for me".
QA: tap A finder that searches for widgets with type "TaroButton" that are ancestors of widgets with text "Reveal all".
QA: TIMING crisis 4th (drew=true)=1586ms
QA: crisis 4th S27: You’re not alone | If you are thinking about harming yourself, please reach out now. Talking to someone can help. | ⁨Lifeline Ukraine⁩ | ⁦7333⁩ · 24/7 | Call | Find a helpline in another country | findahelpline.​com | Free, confidential support lines worldwide | Open | Show resources for another country | You’re not alone | If you are thinking about harming yourself, please reach out now. Talking to someone can help. | ⁨Lifeline Ukraine⁩ | ⁦7333⁩ · 24/7 |  | Call | Find a helpline in another country | findahelpline.​com | Free, confidential support lines worldwide |  | Open | Show resources for another country | 
QA: crisis 4th balance: CreditBalance(free: FreeAllowance(limit: 1, used: 0, remaining: 0, localDate: 2026-10-04, resetsAt: 2026-10-04 21:00:00.000Z, timezone: Europe/Kiev, paused: false), bonus: 4, paid: 0, canRead: true, canReadReason: null, nextSource: ChargeSource.bonus, rewarded: RewardedStatus(enabled: true, amount: 1, dailyCap: 3, grantedToday: 0, available: true, cooldownEndsAt: null), paidBlocked: false, purchasesAllowed: true, purchasesBlockedReason: null, ledgerVersion: 9, serverTime: 2026-10-04 16:03:49.000Z, syncedAt: 2026-10-04 16:03:49.753732Z)
QA: pace 0s
QA: wait ScreenId.s05
QA: wait ScreenId.s05
QA: tap A finder that searches for widgets with type "TaroButton" that are ancestors of widgets with text "Start a reading".
QA: wait ScreenId.s06
QA: tap A finder that searches for widgets with text "Past, Present, Future".
QA: wait ScreenId.s07
QA: tap A finder that searches for widgets with type "TaroButton" that are ancestors of widgets with text "Begin".
QA: wait ScreenId.s08
QA: TIMING hold (Begin→S08)=133ms
QA: tap A finder that searches for widgets with type "TaroButton" that are ancestors of widgets with text "Shuffle".
QA: tap A finder that searches for widgets with type "TaroButton" that are ancestors of widgets with text "I’m ready — draw".
QA: tap A finder that searches for widgets with type "TaroButton" that are ancestors of widgets with text "Draw for me".
QA: tap A finder that searches for widgets with type "TaroButton" that are ancestors of widgets with text "Reveal all".
QA: TIMING gambling refusal (drew=true)=3894ms
QA: gambling S07: We can’t read this question | Tarot can’t predict bets, games or numbers. | Your question | Which numbers will win the lottery this Saturday? | Not charged. Your reading is still available. | You could ask instead | What am I hoping will change? | What does chance mean to me right now? | Where could I find more excitement in everyday life? | Reflecting without a question keeps the cards you drew. A new question draws new cards. | Rephrase my question | Reflect on the cards without a question | Free reading used · 4 readings |  | We can’t read this question | Tarot can’t predict bets, games or numbers. | Your question | Which numbers will win the lottery this Saturday? |  | Not charged. Your reading is still available. | You could ask instead | What am I hoping will change? | What does chance mean to me right now? | Where could I find more excitement in everyday life? | Reflecting without a question keeps the cards you drew. A new question draws new cards. | Rephrase my question | Reflect on the cards without a question |  | Free reading used · 4 readings
QA: gambling chips=3 reflect=true drew=true
QA: gambling balance: CreditBalance(free: FreeAllowance(limit: 1, used: 0, remaining: 0, localDate: 2026-10-04, resetsAt: 2026-10-04 21:00:00.000Z, timezone: Europe/Kiev, paused: false), bonus: 4, paid: 0, canRead: true, canReadReason: null, nextSource: ChargeSource.bonus, rewarded: RewardedStatus(enabled: true, amount: 1, dailyCap: 3, grantedToday: 0, available: true, cooldownEndsAt: null), paidBlocked: false, purchasesAllowed: true, purchasesBlockedReason: null, ledgerVersion: 11, serverTime: 2026-10-04 16:04:00.000Z, syncedAt: 2026-10-04 16:03:59.922867Z)
QA: pace 0s
QA: wait ScreenId.s05
QA: wait ScreenId.s05
QA: tap A finder that searches for widgets with type "TaroButton" that are ancestors of widgets with text "Start a reading".
QA: wait ScreenId.s06
QA: tap A finder that searches for widgets with text "Past, Present, Future".
QA: wait ScreenId.s07
QA: tap A finder that searches for widgets with type "TaroButton" that are ancestors of widgets with text "Begin".
QA: wait ScreenId.s08
QA: TIMING hold (Begin→S08)=129ms
QA: tap A finder that searches for widgets with type "TaroButton" that are ancestors of widgets with text "Shuffle".
QA: tap A finder that searches for widgets with type "TaroButton" that are ancestors of widgets with text "I’m ready — draw".
QA: tap A finder that searches for widgets with type "TaroButton" that are ancestors of widgets with text "Draw for me".
QA: tap A finder that searches for widgets with type "TaroButton" that are ancestors of widgets with text "Reveal all".
QA: TIMING crisis 6th (drew=true)=1466ms
QA: crisis 6th S27: You’re not alone | If you are thinking about harming yourself, please reach out now. Talking to someone can help. | ⁨Lifeline Ukraine⁩ | ⁦7333⁩ · 24/7 | Call | Find a helpline in another country | findahelpline.​com | Free, confidential support lines worldwide | Open | Show resources for another country | You’re not alone | If you are thinking about harming yourself, please reach out now. Talking to someone can help. | ⁨Lifeline Ukraine⁩ | ⁦7333⁩ · 24/7 |  | Call | Find a helpline in another country | findahelpline.​com | Free, confidential support lines worldwide |  | Open | Show resources for another country | 
QA: crisis 6th balance: CreditBalance(free: FreeAllowance(limit: 1, used: 0, remaining: 0, localDate: 2026-10-04, resetsAt: 2026-10-04 21:00:00.000Z, timezone: Europe/Kiev, paused: false), bonus: 4, paid: 0, canRead: true, canReadReason: null, nextSource: ChargeSource.bonus, rewarded: RewardedStatus(enabled: true, amount: 1, dailyCap: 3, grantedToday: 0, available: true, cooldownEndsAt: null), paidBlocked: false, purchasesAllowed: true, purchasesBlockedReason: null, ledgerVersion: 13, serverTime: 2026-10-04 16:04:07.000Z, syncedAt: 2026-10-04 16:04:07.533939Z)
QA: wait 65s for the per-minute limit before reflect
QA: wait ScreenId.s05
QA: pace 0s
QA: wait ScreenId.s05
QA: wait ScreenId.s05
QA: tap A finder that searches for widgets with type "TaroButton" that are ancestors of widgets with text "Start a reading".
QA: wait ScreenId.s06
QA: tap A finder that searches for widgets with text "Past, Present, Future".
QA: wait ScreenId.s07
QA: tap A finder that searches for widgets with type "TaroButton" that are ancestors of widgets with text "Begin".
QA: wait ScreenId.s08
QA: TIMING hold (Begin→S08)=112ms
QA: tap A finder that searches for widgets with type "TaroButton" that are ancestors of widgets with text "Shuffle".
QA: tap A finder that searches for widgets with type "TaroButton" that are ancestors of widgets with text "I’m ready — draw".
QA: tap A finder that searches for widgets with type "TaroButton" that are ancestors of widgets with text "Draw for me".
QA: tap A finder that searches for widgets with type "TaroButton" that are ancestors of widgets with text "Reveal all".
QA: TIMING health uk 2 refusal (drew=true)=4732ms
QA: health uk 2 S07: We can’t read this question | Tarot can’t tell how someone’s health will turn out. A doctor is the right person to ask. | Your question | Чи діти будуть хворіти? | Not charged. Your reading is still available. | You could ask instead | How can I care for myself right now? | How can I support the people I love? | What would help me feel calmer while I wait? | Reflecting without a question keeps the cards you drew. A new question draws new cards. | Rephrase my question | Reflect on the cards without a question | Free reading used · 4 readings |  | We can’t read this question | Tarot can’t tell how someone’s health will turn out. A doctor is the right person to ask. | Your question | Чи діти будуть хворіти? |  | Not charged. Your reading is still available. | You could ask instead | How can I care for myself right now? | How can I support the people I love? | What would help me feel calmer while I wait? | Reflecting without a question keeps the cards you drew. A new question draws new cards. | Rephrase my question | Reflect on the cards without a question |  | Free reading used · 4 readings
QA: health uk 2 chips=3 reflect=true drew=true
QA: health uk 2 balance: CreditBalance(free: FreeAllowance(limit: 1, used: 0, remaining: 0, localDate: 2026-10-04, resetsAt: 2026-10-04 21:00:00.000Z, timezone: Europe/Kiev, paused: false), bonus: 4, paid: 0, canRead: true, canReadReason: null, nextSource: ChargeSource.bonus, rewarded: RewardedStatus(enabled: true, amount: 1, dailyCap: 3, grantedToday: 0, available: true, cooldownEndsAt: null), paidBlocked: false, purchasesAllowed: true, purchasesBlockedReason: null, ledgerVersion: 15, serverTime: 2026-10-04 16:05:24.000Z, syncedAt: 2026-10-04 16:05:24.314634Z)
QA: tap A finder that searches for widgets with type "TaroButton" that are ancestors of widgets with text "Reflect on the cards without a question".
QA: reflect S08: Shuffle the deck | Hold or tap to shuffle, then continue when you feel ready. | The order is already random. Shuffling is your moment to pause. | Shuffle | I’m ready — draw | Past, Present, Future | Shuffle the deck | Hold or tap to shuffle, then continue when you feel ready. | The order is already random. Shuffling is your moment to pause. | 󰅷 | Shuffle | I’m ready — draw |  | Past, Present, Future
QA: wait ScreenId.s08
QA: TIMING hold (Begin→S08)=125ms
QA: tap A finder that searches for widgets with type "TaroButton" that are ancestors of widgets with text "Shuffle".
QA: tap A finder that searches for widgets with type "TaroButton" that are ancestors of widgets with text "I’m ready — draw".
QA: tap A finder that searches for widgets with type "TaroButton" that are ancestors of widgets with text "Draw for me".
QA: tap A finder that searches for widgets with type "TaroButton" that are ancestors of widgets with text "Reveal all".
QA: TIMING reflect → S09=11244ms
QA: reflect S09: Past, Present, Future · Sun, Oct 4 | Reversed | Past | Present | Future | AI-generated | From raised cups to open seas | These cards invite you to notice how companionship, personal confidence, and room to explore fit together in your life now. The Queen of Wands offers an image of warmth with independence, while shared celebration invites reflection on belonging. This reading stays with the cards themselves. | Past · Three of Cups, reversed | The Three of Cups reversed may invite you to revisit earlier experiences of belonging, including any gatherings that asked more energy than you wanted to give. The three figures raising their cups can reflect the appeal of shared celebration. With that energy turned inward, you might consider which connections felt welcoming and what space you needed within them. | Present · Queen of Wands | The Queen of Wands upright invites you to consider how warmth and independence might share a place in your life now. The sunflower in the figure’s hand can suggest creative interests that deserve your attention. You may recognize this energy in a small act of self-expression. Her seated posture offers an image of confidence that leaves room for generosity. | Future · Three of Wands | The Three of Wands upright may offer a direction to explore if you want more room for your interests. The figure watching ships across a golden sea invites you to consider possibilities beyond familiar settings. You might give an idea enough structure to explore it through action. The planted wands can suggest a steady starting point for that exploration. | How the cards connect | The shared cups and the Queen’s sunflower connect belonging with individual expression: you might consider how each makes room for the other. The Queen’s seated confidence and the Three of Wands’ outward gaze link a grounded stance with curiosity about what lies beyond it. Together, they invite attention to where your energy feels welcome. Write down one activity you would like to explore and what draws you toward it. | Questions to reflect on | What, if anything, do the raised cups bring to mind about your experiences of belonging? | Write about this | Where might the Queen of Wands’ warmth and independence find expression in your life now? | Write about this | Which possibilities, if any, would you like to explore from the Three of Wands’ vantage point? | Write about this | Add note | Past, Present, Future · Sun, Oct 4
QA: balance after reflect: CreditBalance(free: FreeAllowance(limit: 1, used: 0, remaining: 0, localDate: 2026-10-04, resetsAt: 2026-10-04 21:00:00.000Z, timezone: Europe/Kiev, paused: false), bonus: 3, paid: 0, canRead: true, canReadReason: null, nextSource: ChargeSource.bonus, rewarded: RewardedStatus(enabled: true, amount: 1, dailyCap: 3, grantedToday: 0, available: true, cooldownEndsAt: null), paidBlocked: false, purchasesAllowed: true, purchasesBlockedReason: null, ledgerVersion: 17, serverTime: 2026-10-04 16:05:39.000Z, syncedAt: 2026-10-04 16:05:39.591928Z)
QA: TIMINGS {"register+balance":0,"hold (Begin→S08)":125,"crisis first (drew=true)":2652,"health en refusal (drew=true)":3821,"health uk refusal (drew=true)":4118,"crisis 4th (drew=true)":1586,"gambling refusal (drew=true)":3894,"crisis 6th (drew=true)":1466,"health uk 2 refusal (drew=true)":4732,"reflect → S09":11244}
QA: BUGS []
02:51 +1: (tearDownAll)
02:53 +1: All tests passed!
rc=0 wall=216s
