run_integration: platform=ios device=71126966-3BFA-4B26-B560-81896B4636AA
Resolving dependencies in `/Users/volodymyrshyrochuk/pet/taro`...
Downloading packages...
  _fe_analyzer_shared 96.0.0 (108.0.0 available)
  analyzer 10.2.0 (14.4.0 available)
  build 4.0.7 (4.0.11 available)
  build_runner 2.15.1 (2.16.1 available)
  built_collection 5.1.1 (5.1.2 available)
! cli_util 0.5.2 (overridden) (0.6.0 available)
  clock 1.1.2 (1.1.3 available)
  code_assets 1.2.1 (2.1.0 available)
  connectivity_plus 7.3.1 (7.3.2 available)
  cross_file 0.3.5+5 (0.4.0 available)
  cupertino_ui 1.0.2 (1.1.1 available)
  dart_style 3.1.7 (3.1.13 available)
  dbus 0.7.15 (0.8.0 available)
  device_info_plus 13.2.0 (13.3.0 available)
  drift 2.34.0 (2.35.1 available)
  drift_dev 2.34.0 (2.35.1 available)
  equatable 2.1.0 (3.0.0 available)
  file_picker_linux 2.0.0 (2.0.1 available)
  flutter_timezone 5.1.0 (5.1.1 available)
  freezed 3.2.5 (4.0.2 available)
  frontend_server_client 4.0.0 (4.1.0 available)
  go_router 18.0.1 (18.0.2 available)
  hooks 2.0.2 (2.2.0 available)
  intl 0.20.2 (0.20.3 available)
  jni 1.0.3 (1.1.0 available)
  matcher 0.12.19 (0.12.20 available)
  material_color_utilities 0.13.0 (0.13.1 available)
  material_ui 1.2.0 (1.5.0 available)
  meta 1.18.0 (1.19.0 available)
  native_toolchain_c 0.19.2 (0.19.5 available)
  nm 0.5.0 (0.6.0 available)
  objective_c 9.5.0 (9.6.2 available)
  package_config 2.2.0 (3.0.0 available)
  package_info_plus 10.2.1 (10.2.2 available)
  petitparser 7.0.2 (7.1.0 available)
  platform 3.1.6 (3.2.0 available)
  record_use 0.6.0 (1.1.1 available)
  share_plus 13.3.0 (13.3.1 available)
  source_gen 4.2.4 (4.3.0 available)
  sqlite3 3.5.2 (3.7.0 available)
  sqlparser 0.44.5 (0.45.0 available)
  stack_trace 1.12.1 (1.12.2 available)
  test 1.31.0 (1.32.0 available)
  test_api 0.7.11 (0.7.14 available)
  test_core 0.6.17 (0.6.20 available)
  url_launcher 6.3.2 (6.3.3 available)
  vector_math 2.2.0 (2.4.3 available)
  very_good_analysis 10.3.0 (11.0.0 available)
  webview_flutter_wkwebview 3.26.1 (3.27.0 available)
  xml 7.0.1 (7.1.0 available)
Got dependencies in `/Users/volodymyrshyrochuk/pet/taro`!
50 packages have newer versions incompatible with dependency constraints.
Try `flutter pub outdated` for more information.
00:00 +0: loading /Users/volodymyrshyrochuk/pet/taro/apps/taro/integration_test/staging/smoke_test.dart
Running Xcode build...                                          
Xcode build done.                                           63.5s
00:00 +0: /Users/volodymyrshyrochuk/pet/taro/apps/taro/integration_test/staging/smoke_test.dart: staging: register, balance, one free reading
00:00 +0 ~1: /Users/volodymyrshyrochuk/pet/taro/apps/taro/integration_test/staging/smoke_test.dart: (tearDownAll)
00:00 +0 ~1: loading /Users/volodymyrshyrochuk/pet/taro/apps/taro/integration_test/qa/screenshot_tour_test.dart
Running Xcode build...                                          
Xcode build done.                                           26.9s
00:42 +0 ~1: /Users/volodymyrshyrochuk/pet/taro/apps/taro/integration_test/qa/screenshot_tour_test.dart: QA screenshot tour [en_light] [en_light] onboarding S01–S05
  Skip: QA screenshot tour: pass --dart-define=QA_MODE=<mode> to run it
00:42 +0 ~2: /Users/volodymyrshyrochuk/pet/taro/apps/taro/integration_test/qa/screenshot_tour_test.dart: QA screenshot tour [en_light] [en_light] main tour S05–S29, S33
  Skip: QA screenshot tour: pass --dart-define=QA_MODE=<mode> to run it
00:42 +0 ~3: /Users/volodymyrshyrochuk/pet/taro/apps/taro/integration_test/qa/screenshot_tour_test.dart: QA screenshot tour [en_light] [en_light] paywall S10–S12
  Skip: QA screenshot tour: pass --dart-define=QA_MODE=<mode> to run it
00:42 +0 ~4: /Users/volodymyrshyrochuk/pet/taro/apps/taro/integration_test/qa/screenshot_tour_test.dart: QA screenshot tour [en_light] [en_light] paused S31 + classic S32
  Skip: QA screenshot tour: pass --dart-define=QA_MODE=<mode> to run it
00:42 +0 ~5: /Users/volodymyrshyrochuk/pet/taro/apps/taro/integration_test/qa/screenshot_tour_test.dart: QA screenshot tour [en_light] [en_light] AI declined re-entry S04 + celtic cross
  Skip: QA screenshot tour: pass --dart-define=QA_MODE=<mode> to run it
00:42 +0 ~6: /Users/volodymyrshyrochuk/pet/taro/apps/taro/integration_test/qa/screenshot_tour_test.dart: QA screenshot tour [en_light] [en_light] refusal S07 (rephrase + refused)
  Skip: QA screenshot tour: pass --dart-define=QA_MODE=<mode> to run it
00:42 +0 ~7: /Users/volodymyrshyrochuk/pet/taro/apps/taro/integration_test/qa/screenshot_tour_test.dart: QA screenshot tour [en_light] [en_light] update required S30
  Skip: QA screenshot tour: pass --dart-define=QA_MODE=<mode> to run it
00:42 +0 ~8: /Users/volodymyrshyrochuk/pet/taro/apps/taro/integration_test/qa/screenshot_tour_test.dart: (tearDownAll)
00:42 +0 ~8: loading /Users/volodymyrshyrochuk/pet/taro/apps/taro/integration_test/qa/staging_e2e_test.dart
Running Xcode build...                                          
Xcode build done.                                           25.4s
01:22 +0 ~8: /Users/volodymyrshyrochuk/pet/taro/apps/taro/integration_test/qa/staging_e2e_test.dart: B1 onboarding and registration
01:22 +0 ~9: /Users/volodymyrshyrochuk/pet/taro/apps/taro/integration_test/qa/staging_e2e_test.dart: B2 paywall and rewarded ad
01:22 +0 ~10: /Users/volodymyrshyrochuk/pet/taro/apps/taro/integration_test/qa/staging_e2e_test.dart: B3 safety: rephrase and crisis
01:22 +0 ~11: /Users/volodymyrshyrochuk/pet/taro/apps/taro/integration_test/qa/staging_e2e_test.dart: B9 refusal state: health, gambling, crisis
01:22 +0 ~12: /Users/volodymyrshyrochuk/pet/taro/apps/taro/integration_test/qa/staging_e2e_test.dart: B4 single reading en and journal
01:22 +0 ~13: /Users/volodymyrshyrochuk/pet/taro/apps/taro/integration_test/qa/staging_e2e_test.dart: B5 ar: three_ppf reading and report
01:22 +0 ~14: /Users/volodymyrshyrochuk/pet/taro/apps/taro/integration_test/qa/staging_e2e_test.dart: B6 de: three_ppf reading
01:22 +0 ~15: /Users/volodymyrshyrochuk/pet/taro/apps/taro/integration_test/qa/staging_e2e_test.dart: B7 offline, export, delete, import
01:22 +0 ~16: /Users/volodymyrshyrochuk/pet/taro/apps/taro/integration_test/qa/staging_e2e_test.dart: B8 unverified: no attestation token
01:22 +0 ~17: /Users/volodymyrshyrochuk/pet/taro/apps/taro/integration_test/qa/staging_e2e_test.dart: (tearDownAll)
01:22 +0 ~17: loading /Users/volodymyrshyrochuk/pet/taro/apps/taro/integration_test/fts5_spike_test.dart
Running Xcode build...                                          
Xcode build done.                                           29.1s
02:04 +0 ~17: /Users/volodymyrshyrochuk/pet/taro/apps/taro/integration_test/fts5_spike_test.dart: FTS5 MATCH works in memory
FTS5_SPIKE memory: Fts5ProbeResult(sqlite 3.53.4, fts5: true, matched: 1)
02:05 +1 ~17: /Users/volodymyrshyrochuk/pet/taro/apps/taro/integration_test/fts5_spike_test.dart: FTS5 MATCH works through driftDatabase (file)
FTS5_SPIKE driftDatabase: Fts5ProbeResult(sqlite 3.53.4, fts5: true, matched: 1)
02:05 +2 ~17: /Users/volodymyrshyrochuk/pet/taro/apps/taro/integration_test/fts5_spike_test.dart: (tearDownAll)
02:05 +2 ~17: loading /Users/volodymyrshyrochuk/pet/taro/apps/taro/integration_test/perf/draw_screen_perf_test.dart
Running Xcode build...                                          
Xcode build done.                                           27.6s
02:47 +2 ~17: /Users/volodymyrshyrochuk/pet/taro/apps/taro/integration_test/perf/draw_screen_perf_test.dart: draw screen: frame timing summary
FLOW: wait ScreenId.s05
FLOW: tap button "Start a reading"
FLOW: wait ScreenId.s06
FLOW: tap "Past, Present, Future"
FLOW: wait ScreenId.s07
FLOW: tap button "Begin"
FLOW: wait ScreenId.s08
FLOW: wait ScreenId.s08
FLOW: tap button "Shuffle"
FLOW: tap button "I’m ready — draw"
FLOW: tap button "Draw for me"
FLOW: tap button "Reveal all"
FLOW: wait ScreenId.s09
PERF draw_screen {"mode":"debug","platform":"iOS","average_frame_build_time_millis":4.306,"90th_percentile_frame_build_time_millis":9.402,"99th_percentile_frame_build_time_millis":48.135,"worst_frame_build_time_millis":48.135,"missed_frame_build_budget_count":3,"average_frame_rasterizer_time_millis":0.952,"90th_percentile_frame_rasterizer_time_millis":1.538,"99th_percentile_frame_rasterizer_time_millis":1.963,"worst_frame_rasterizer_time_millis":1.963,"average_layer_cache_count":0.0,"90th_percentile_layer_cache_count":0,"99th_percentile_layer_cache_count":0,"worst_layer_cache_count":0,"average_layer_cache_memory":0.0,"90th_percentile_layer_cache_memory":0.0,"99th_percentile_layer_cache_memory":0.0,"worst_layer_cache_memory":0.0,"average_picture_cache_count":0.0,"90th_percentile_picture_cache_count":0,"99th_percentile_picture_cache_count":0,"worst_picture_cache_count":0,"average_picture_cache_memory":0.0,"90th_percentile_picture_cache_memory":0.0,"99th_percentile_picture_cache_memory":0.0,"worst_picture_cache_memory":0.0,"missed_frame_rasterizer_budget_count":0,"frame_count":41,"frame_build_times":[626,6694,1244,2664,2388,4042,3154,3470,2472,3918,4127,3273,2629,2684,9402,246,26056,606,346,206,245,11507,705,275,348,289,17167,48135,2988,1560,2616,1169,1338,1240,1060,932,808,1738,1416,390,403],"frame_rasterizer_times":[1764,578,479,695,994,1446,888,881,1072,969,1068,971,1006,1167,631,601,979,647,556,760,580,1056,378,342,507,457,604,945,1036,1507,1963,1692,1538,1647,1105,1050,877,1028,845,883,850],"new_gen_gc_count":-1,"old_gen_gc_count":-1}
02:57 +3 ~17: /Users/volodymyrshyrochuk/pet/taro/apps/taro/integration_test/perf/draw_screen_perf_test.dart: (tearDownAll)
02:58 +3 ~17: loading /Users/volodymyrshyrochuk/pet/taro/apps/taro/integration_test/perf/cold_start_test.dart
Running Xcode build...                                          
Xcode build done.                                           24.3s
03:34 +3 ~17: /Users/volodymyrshyrochuk/pet/taro/apps/taro/integration_test/perf/cold_start_test.dart: cold start: bootstrap → first frame → first screen
FINE taro.analytics.console: consent analytics=false ad=false ad_user_data=false ad_personalization=false
INFO taro.install: install identity created
PERF cold_start {"mode":"debug","platform":"iOS","bootstrap_ms":242,"first_frame_ms":526,"first_screen_ms":529}
03:35 +4 ~17: /Users/volodymyrshyrochuk/pet/taro/apps/taro/integration_test/perf/cold_start_test.dart: (tearDownAll)
03:35 +4 ~17: loading /Users/volodymyrshyrochuk/pet/taro/apps/taro/integration_test/flows/reinstall_same_install_id_test.dart
Running Xcode build...                                          
Xcode build done.                                           23.2s
04:10 +4 ~17: /Users/volodymyrshyrochuk/pet/taro/apps/taro/integration_test/flows/reinstall_same_install_id_test.dart: reinstall: same install ID, no second free reading
FLOW: wait ScreenId.s02
FLOW: tap "Get started"
FLOW: tap "I understand"
FLOW: tap button "Allow AI readings"
FLOW: wait ScreenId.s05
FLOW: wait ScreenId.s05
FLOW: tap button "Start a reading"
FLOW: wait ScreenId.s06
FLOW: tap "Past, Present, Future"
FLOW: wait ScreenId.s07
FLOW: tap button "Begin"
FLOW: wait ScreenId.s08
FLOW: tap button "Shuffle"
FLOW: tap button "I’m ready — draw"
FLOW: tap button "Draw for me"
FLOW: tap button "Reveal all"
FLOW: wait ScreenId.s09
FLOW: wait ScreenId.s02
FLOW: tap "Get started"
FLOW: tap "I understand"
FLOW: tap button "Allow AI readings"
FLOW: wait ScreenId.s05
FLOW: wait A finder that searches for widgets with text "Free reading used".
FLOW: tap "Journal"
FLOW: wait A finder that searches for widgets with text "Your readings will live here".
04:20 +5 ~17: /Users/volodymyrshyrochuk/pet/taro/apps/taro/integration_test/flows/reinstall_same_install_id_test.dart: (tearDownAll)
04:20 +5 ~17: loading /Users/volodymyrshyrochuk/pet/taro/apps/taro/integration_test/flows/export_import_test.dart
Running Xcode build...                                          
Xcode build done.                                           27.5s
05:01 +5 ~17: /Users/volodymyrshyrochuk/pet/taro/apps/taro/integration_test/flows/export_import_test.dart: export, wipe, import (replace): entries back
FLOW: wait ScreenId.s05
FLOW: tap "Journal"
FLOW: wait ScreenId.s14
FLOW: wait A finder that searches for widgets with text "Where is my focus?".
FLOW: wait A finder that searches for widgets with text "What should I let go of?".
FLOW: tap "Settings"
FLOW: wait ScreenId.s20
FLOW: tap "Export backup"
FLOW: wait ScreenId.s24
FLOW: tap button "Export backup"
FLOW: tap A finder that searches for widgets with a semantics label named "Back".
FLOW: wait ScreenId.s20
FLOW: tap "Delete all data"
FLOW: wait ScreenId.s26
FLOW: tap button "Delete all data"
FLOW: wait A finder that searches for widgets with text "Your data is deleted".
FLOW: tap button "Done"
FLOW: wait ScreenId.s05
FLOW: tap "Settings"
FLOW: tap "Settings"
FLOW: wait ScreenId.s20
FLOW: tap "Import backup"
FLOW: wait ScreenId.s25
FLOW: tap button "Choose a file"
FLOW: wait A finder that searches for widgets with text "File checked. Everything looks right.".
FLOW: tap "Replace my journal"
FLOW: tap button "Import"
FLOW: tap button "Replace"
FLOW: wait A finder that searches for widgets with text "Imported 2 readings and 0 daily cards".
FLOW: tap button "Open Journal"
FLOW: wait ScreenId.s14
FLOW: wait A finder that searches for widgets with text "Where is my focus?".
FLOW: wait A finder that searches for widgets with text "What should I let go of?".
05:14 +6 ~17: /Users/volodymyrshyrochuk/pet/taro/apps/taro/integration_test/flows/export_import_test.dart: (tearDownAll)
05:14 +6 ~17: loading /Users/volodymyrshyrochuk/pet/taro/apps/taro/integration_test/flows/consent_denied_test.dart
Running Xcode build...                                          
Xcode build done.                                           26.2s
05:57 +6 ~17: /Users/volodymyrshyrochuk/pet/taro/apps/taro/integration_test/flows/consent_denied_test.dart: AI declined + UMP denied: no ATT, a Classic reading
FLOW: wait ScreenId.s02
FLOW: tap "Get started"
FLOW: wait ScreenId.s03
FLOW: tap "I understand"
FLOW: wait ScreenId.s04
FLOW: tap button "Not now"
FLOW: wait ScreenId.s05
FLOW: wait ScreenId.s05
FLOW: tap button "Start a reading"
FLOW: wait ScreenId.s06
FLOW: tap "Past, Present, Future"
FLOW: wait ScreenId.s07
FLOW: tap button "Begin"
FLOW: wait ScreenId.s04
FLOW: tap button "Back"
FLOW: wait ScreenId.s07
FLOW: tap button "Try a classic reading"
FLOW: wait ScreenId.s08
FLOW: tap button "Shuffle"
FLOW: tap button "I’m ready — draw"
FLOW: tap button "Draw for me"
FLOW: tap button "Reveal all"
FLOW: wait ScreenId.s32
06:04 +7 ~17: /Users/volodymyrshyrochuk/pet/taro/apps/taro/integration_test/flows/consent_denied_test.dart: UMP granted, ATT denied: usable, non-personalized ads
FLOW: wait ScreenId.s05
FLOW: wait A finder that searches for widgets with text "About ad tracking".
FLOW: tap "Continue"
FLOW: wait ScreenId.s05
FLOW: tap button "Start a reading"
FLOW: wait ScreenId.s06
FLOW: tap "Past, Present, Future"
FLOW: wait ScreenId.s07
FLOW: tap button "Begin"
FLOW: wait ScreenId.s08
FLOW: tap button "Shuffle"
FLOW: tap button "I’m ready — draw"
FLOW: tap button "Draw for me"
FLOW: tap button "Reveal all"
FLOW: wait ScreenId.s09
06:10 +8 ~17: /Users/volodymyrshyrochuk/pet/taro/apps/taro/integration_test/flows/consent_denied_test.dart: (tearDownAll)
06:10 +8 ~17: loading /Users/volodymyrshyrochuk/pet/taro/apps/taro/integration_test/flows/os_restore_test.dart
Running Xcode build...                                          
Xcode build done.                                           25.8s
06:50 +8 ~17: /Users/volodymyrshyrochuk/pet/taro/apps/taro/integration_test/flows/os_restore_test.dart: OS restore: journal kept, new install, consent re-asked
FLOW: wait ScreenId.s02
FLOW: tap "Get started"
FLOW: tap "I understand"
FLOW: wait ScreenId.s04
FLOW: tap button "Allow AI readings"
FLOW: wait ScreenId.s05
FLOW: tap "Journal"
FLOW: wait ScreenId.s14
FLOW: wait A finder that searches for widgets with text "Restored question one".
FLOW: wait A finder that searches for widgets with text "Restored question two".
06:54 +9 ~17: /Users/volodymyrshyrochuk/pet/taro/apps/taro/integration_test/flows/os_restore_test.dart: (tearDownAll)
06:54 +9 ~17: loading /Users/volodymyrshyrochuk/pet/taro/apps/taro/integration_test/flows/review_guidelines_test.dart
Running Xcode build...                                          
Xcode build done.                                           25.1s
07:33 +9 ~17: /Users/volodymyrshyrochuk/pet/taro/apps/taro/integration_test/flows/review_guidelines_test.dart: 3.2.2: the free reading never shows an ad
FLOW: wait ScreenId.s05
FLOW: wait ScreenId.s05
FLOW: tap button "Start a reading"
FLOW: wait ScreenId.s06
FLOW: tap "Past, Present, Future"
FLOW: wait ScreenId.s07
FLOW: tap button "Begin"
FLOW: wait ScreenId.s08
FLOW: wait ScreenId.s08
FLOW: tap button "Shuffle"
FLOW: tap button "I’m ready — draw"
FLOW: tap button "Draw for me"
FLOW: tap button "Reveal all"
FLOW: wait ScreenId.s09
07:39 +10 ~17: /Users/volodymyrshyrochuk/pet/taro/apps/taro/integration_test/flows/review_guidelines_test.dart: 5.1.2(i): no reading request before AI consent
FLOW: wait ScreenId.s05
FLOW: wait ScreenId.s05
FLOW: tap button "Start a reading"
FLOW: wait ScreenId.s06
FLOW: tap "Past, Present, Future"
FLOW: wait ScreenId.s07
FLOW: tap button "Begin"
FLOW: wait ScreenId.s04
FLOW: tap button "Allow"
FLOW: wait ScreenId.s08
FLOW: wait ScreenId.s08
FLOW: tap button "Shuffle"
FLOW: tap button "I’m ready — draw"
FLOW: tap button "Draw for me"
FLOW: tap button "Reveal all"
FLOW: wait ScreenId.s09
07:44 +11 ~17: /Users/volodymyrshyrochuk/pet/taro/apps/taro/integration_test/flows/review_guidelines_test.dart: 5.1.1(iv): UMP denied alone, the AI reading still works
FLOW: wait ScreenId.s05
FLOW: wait ScreenId.s05
FLOW: tap button "Start a reading"
FLOW: wait ScreenId.s06
FLOW: tap "Past, Present, Future"
FLOW: wait ScreenId.s07
FLOW: tap button "Begin"
FLOW: wait ScreenId.s08
FLOW: tap button "Shuffle"
FLOW: tap button "I’m ready — draw"
FLOW: tap button "Draw for me"
FLOW: tap button "Reveal all"
FLOW: wait ScreenId.s09
07:49 +12 ~17: /Users/volodymyrshyrochuk/pet/taro/apps/taro/integration_test/flows/review_guidelines_test.dart: (tearDownAll)
07:50 +12 ~17: loading /Users/volodymyrshyrochuk/pet/taro/apps/taro/integration_test/flows/hold_lost_test.dart
Running Xcode build...                                          
Xcode build done.                                           25.9s
08:29 +12 ~17: /Users/volodymyrshyrochuk/pet/taro/apps/taro/integration_test/flows/hold_lost_test.dart: hold lost: S10 face-down, grant, the same cards
FLOW: wait ScreenId.s05
FLOW: tap button "Start a reading"
FLOW: wait ScreenId.s06
FLOW: tap "Past, Present, Future"
FLOW: wait ScreenId.s07
FLOW: tap button "Begin"
FLOW: wait ScreenId.s08
FLOW: tap button "Shuffle"
FLOW: tap button "I’m ready — draw"
FLOW: tap button "Draw for me"
FLOW: wait ScreenId.s10
FLOW: tap "Watch an ad for 1 reading"
FLOW: wait ScreenId.s12
FLOW: wait A finder that searches for widgets with text "Reading added".
FLOW: tap button "Continue"
FLOW: tap button "Reveal all"
FLOW: wait ScreenId.s09
08:37 +13 ~17: /Users/volodymyrshyrochuk/pet/taro/apps/taro/integration_test/flows/hold_lost_test.dart: (tearDownAll)
08:37 +13 ~17: loading /Users/volodymyrshyrochuk/pet/taro/apps/taro/integration_test/flows/rtl_locale_test.dart
Running Xcode build...                                          
Xcode build done.                                           26.0s
09:17 +13 ~17: /Users/volodymyrshyrochuk/pet/taro/apps/taro/integration_test/flows/rtl_locale_test.dart: Arabic: mirrored layout, the reading flow completes
FLOW: wait ScreenId.s05
FLOW: tap "Settings"
FLOW: wait ScreenId.s20
FLOW: tap "Language"
FLOW: wait ScreenId.s21
FLOW: tap A finder that searches for widgets with key [<'ar'>].
FLOW: tap A finder that searches for widgets with a semantics label named "رجوع".
FLOW: wait ScreenId.s20
FLOW: tap "اليوم"
FLOW: wait ScreenId.s05
FLOW: tap button "بدء قراءة"
FLOW: wait ScreenId.s06
FLOW: tap "الماضي والحاضر والمستقبل"
FLOW: wait ScreenId.s07
FLOW: tap button "بدء"
FLOW: wait ScreenId.s08
FLOW: tap button "خلط"
FLOW: tap button "لنبدأ — السحب"
FLOW: tap button "السحب نيابةً عني"
FLOW: tap button "كشف الكل"
FLOW: wait ScreenId.s09
09:26 +14 ~17: /Users/volodymyrshyrochuk/pet/taro/apps/taro/integration_test/flows/rtl_locale_test.dart: (tearDownAll)
09:26 +14 ~17: loading /Users/volodymyrshyrochuk/pet/taro/apps/taro/integration_test/flows/classic_reading_test.dart
Running Xcode build...                                          
Xcode build done.                                           25.2s
10:05 +14 ~17: /Users/volodymyrshyrochuk/pet/taro/apps/taro/integration_test/flows/classic_reading_test.dart: AI declined: a Classic reading, no Worker call
FLOW: wait ScreenId.s05
FLOW: tap button "Start a reading"
FLOW: wait ScreenId.s06
FLOW: tap "Past, Present, Future"
FLOW: wait ScreenId.s07
FLOW: tap button "Begin"
FLOW: wait ScreenId.s04
FLOW: tap button "Back"
FLOW: wait ScreenId.s07
FLOW: tap button "Try a classic reading"
FLOW: wait ScreenId.s08
FLOW: tap button "Shuffle"
FLOW: tap button "I’m ready — draw"
FLOW: tap button "Draw for me"
FLOW: tap button "Reveal all"
FLOW: wait ScreenId.s32
FLOW: wait A finder that searches for widgets with text "Classic reading".
FLOW: tap A finder that searches for widgets with widget matching predicate.
FLOW: wait ScreenId.s05
FLOW: tap "Journal"
FLOW: wait A finder that searches for widgets with text "What should I focus on this week?".
10:12 +15 ~17: /Users/volodymyrshyrochuk/pet/taro/apps/taro/integration_test/flows/classic_reading_test.dart: (tearDownAll)
10:12 +15 ~17: loading /Users/volodymyrshyrochuk/pet/taro/apps/taro/integration_test/flows/remove_ads_restore_test.dart
Running Xcode build...                                          
Xcode build done.                                           24.9s
10:50 +15 ~17: /Users/volodymyrshyrochuk/pet/taro/apps/taro/integration_test/flows/remove_ads_restore_test.dart: Remove Ads: purchase, fresh install, restore
FLOW: wait ScreenId.s05
FLOW: tap A finder that searches for widgets with type "BalanceChip".
FLOW: wait ScreenId.s11
FLOW: tap A finder that searches for widgets with type "TaroButton" descending from widgets with key [<'com.vshyrochuk.taro.remove_ads'>].
FLOW: wait A finder that searches for widgets with text "Banner ads removed ✓".
FLOW: tap A finder that searches for widgets with a semantics label named "Close".
FLOW: wait ScreenId.s05
FLOW: wait ScreenId.s05
FLOW: tap "Settings"
FLOW: wait ScreenId.s20
FLOW: tap "Restore purchases"
FLOW: wait A finder that searches for widgets with text "Remove Banner Ads restored".
FLOW: tap "Today"
FLOW: wait ScreenId.s05
10:54 +16 ~17: /Users/volodymyrshyrochuk/pet/taro/apps/taro/integration_test/flows/remove_ads_restore_test.dart: (tearDownAll)
10:54 +16 ~17: loading /Users/volodymyrshyrochuk/pet/taro/apps/taro/integration_test/flows/out_of_credits_purchase_test.dart
Running Xcode build...                                          
Xcode build done.                                           24.4s
11:32 +16 ~17: /Users/volodymyrshyrochuk/pet/taro/apps/taro/integration_test/flows/out_of_credits_purchase_test.dart: out of readings: purchase, then Begin again
FLOW: wait ScreenId.s05
FLOW: tap button "Start a reading"
FLOW: wait ScreenId.s06
FLOW: tap "Past, Present, Future"
FLOW: wait ScreenId.s07
FLOW: tap button "Begin"
FLOW: wait ScreenId.s10
FLOW: tap "Get more readings"
FLOW: wait ScreenId.s11
FLOW: tap A finder that searches for widgets with type "TaroButton" descending from widgets with key [<'com.vshyrochuk.taro.readings_3'>].
FLOW: wait A finder that searches for widgets with text "+3 readings".
FLOW: wait ScreenId.s07
FLOW: tap button "Begin"
FLOW: wait ScreenId.s08
FLOW: tap button "Shuffle"
FLOW: tap button "I’m ready — draw"
FLOW: tap button "Draw for me"
FLOW: tap button "Reveal all"
FLOW: wait ScreenId.s09
11:43 +17 ~17: /Users/volodymyrshyrochuk/pet/taro/apps/taro/integration_test/flows/out_of_credits_purchase_test.dart: (tearDownAll)
11:43 +17 ~17: loading /Users/volodymyrshyrochuk/pet/taro/apps/taro/integration_test/flows/report_reading_test.dart
Running Xcode build...                                          
Xcode build done.                                           40.5s
12:45 +17 ~17: /Users/volodymyrshyrochuk/pet/taro/apps/taro/integration_test/flows/report_reading_test.dart: report a reading end to end
FLOW: wait ScreenId.s05
FLOW: tap button "Start a reading"
FLOW: wait ScreenId.s06
FLOW: tap "Past, Present, Future"
FLOW: wait ScreenId.s07
FLOW: tap button "Begin"
FLOW: wait ScreenId.s08
FLOW: tap button "Shuffle"
FLOW: tap button "I’m ready — draw"
FLOW: tap button "Draw for me"
FLOW: tap button "Reveal all"
FLOW: wait ScreenId.s09
FLOW: tap A finder that searches for widgets with a semantics label named "More options".
FLOW: tap "Report this reading"
FLOW: wait ScreenId.s33
FLOW: tap "Harmful advice"
FLOW: tap "Send report"
FLOW: wait A finder that searches for widgets with text "Thanks. We’ll review this reading.".
FLOW: wait ScreenId.s09
FLOW: tap A finder that searches for widgets with a semantics label named "More options".
FLOW: wait A finder that searches for widgets with text "Reported".
12:54 +18 ~17: /Users/volodymyrshyrochuk/pet/taro/apps/taro/integration_test/flows/report_reading_test.dart: (tearDownAll)
12:54 +18 ~17: loading /Users/volodymyrshyrochuk/pet/taro/apps/taro/integration_test/flows/timezone_change_test.dart
Running Xcode build...                                          
Xcode build done.                                           26.1s
13:34 +18 ~17: /Users/volodymyrshyrochuk/pet/taro/apps/taro/integration_test/flows/timezone_change_test.dart: time zone change: one PUT, then a 409 keeps the boundary
FLOW: wait ScreenId.s05
FLOW: wait ScreenId.s05
FLOW: tap button "Start a reading"
FLOW: wait ScreenId.s06
FLOW: tap "Past, Present, Future"
FLOW: wait ScreenId.s07
FLOW: tap button "Begin"
FLOW: wait ScreenId.s08
FLOW: tap button "Shuffle"
FLOW: tap button "I’m ready — draw"
FLOW: tap button "Draw for me"
FLOW: tap button "Reveal all"
FLOW: wait ScreenId.s09
13:40 +19 ~17: /Users/volodymyrshyrochuk/pet/taro/apps/taro/integration_test/flows/timezone_change_test.dart: (tearDownAll)
13:40 +19 ~17: loading /Users/volodymyrshyrochuk/pet/taro/apps/taro/integration_test/flows/first_launch_free_reading_test.dart
Running Xcode build...                                          
Xcode build done.                                           24.1s
14:17 +19 ~17: /Users/volodymyrshyrochuk/pet/taro/apps/taro/integration_test/flows/first_launch_free_reading_test.dart: first launch: onboarding, then the free reading
FLOW: wait ScreenId.s02
FLOW: tap "Get started"
FLOW: wait ScreenId.s03
FLOW: tap "I understand"
FLOW: wait ScreenId.s04
FLOW: tap "Allow AI readings"
FLOW: wait ScreenId.s05
FLOW: wait ScreenId.s05
FLOW: tap button "Start a reading"
FLOW: wait ScreenId.s06
FLOW: tap "Past, Present, Future"
FLOW: wait ScreenId.s07
FLOW: tap button "Begin"
FLOW: wait ScreenId.s08
FLOW: wait ScreenId.s08
FLOW: tap button "Shuffle"
FLOW: tap button "I’m ready — draw"
FLOW: tap button "Draw for me"
FLOW: tap button "Reveal all"
FLOW: wait ScreenId.s09
FLOW: tap A finder that searches for widgets with widget matching predicate.
FLOW: wait ScreenId.s05
FLOW: tap "Journal"
FLOW: wait ScreenId.s14
FLOW: wait A finder that searches for widgets with text "What should I focus on this week?".
14:29 +20 ~17: /Users/volodymyrshyrochuk/pet/taro/apps/taro/integration_test/flows/first_launch_free_reading_test.dart: (tearDownAll)
14:30 +20 ~17: loading /Users/volodymyrshyrochuk/pet/taro/apps/taro/integration_test/flows/daily_reset_resume_test.dart
Running Xcode build...                                          
Xcode build done.                                           22.3s
15:03 +20 ~17: /Users/volodymyrshyrochuk/pet/taro/apps/taro/integration_test/flows/daily_reset_resume_test.dart: resume after midnight: the free reading is back, once
FLOW: wait ScreenId.s05
FLOW: wait A finder that searches for widgets with text "Free reading used".
FLOW: wait A finder that searches for widgets with text "1 free reading".
15:04 +21 ~17: /Users/volodymyrshyrochuk/pet/taro/apps/taro/integration_test/flows/daily_reset_resume_test.dart: (tearDownAll)
15:04 +21 ~17: loading /Users/volodymyrshyrochuk/pet/taro/apps/taro/integration_test/flows/rewarded_ad_test.dart
Running Xcode build...                                          
Xcode build done.                                           22.4s
15:37 +21 ~17: /Users/volodymyrshyrochuk/pet/taro/apps/taro/integration_test/flows/rewarded_ad_test.dart: rewarded ad: grant, cooldown, then the daily cap
FLOW: wait ScreenId.s05
FLOW: tap A finder that searches for widgets with type "BalanceChip".
FLOW: wait ScreenId.s11
FLOW: tap A finder that searches for widgets with a semantics label named "Close".
FLOW: wait ScreenId.s05
FLOW: tap A finder that searches for widgets with type "BalanceChip".
FLOW: wait ScreenId.s11
FLOW: tap "Watch an ad for 1 reading"
FLOW: wait ScreenId.s12
FLOW: wait A finder that searches for widgets with text "Reading added".
FLOW: tap button "Continue"
FLOW: wait ScreenId.s11
FLOW: wait A finder that searches for widgets with text containing Another ad reward is available in.
FLOW: wait A finder that searches for widgets with text "You’ve used today’s ad rewards".
15:41 +22 ~17: /Users/volodymyrshyrochuk/pet/taro/apps/taro/integration_test/flows/rewarded_ad_test.dart: (tearDownAll)
15:41 +22 ~17: loading /Users/volodymyrshyrochuk/pet/taro/apps/taro/integration_test/flows/kill_switch_test.dart
Running Xcode build...                                          
Xcode build done.                                           22.7s
16:15 +22 ~17: /Users/volodymyrshyrochuk/pet/taro/apps/taro/integration_test/flows/kill_switch_test.dart: readings.enabled=false: S31 + Classic offer, no paywall
FLOW: wait ScreenId.s05
FLOW: tap button "Start a reading"
FLOW: wait ScreenId.s06
FLOW: tap "Past, Present, Future"
FLOW: wait ScreenId.s07
FLOW: tap button "Begin"
FLOW: wait A finder that searches for widgets with text "Readings are resting for a moment".
FLOW: tap button "Try a classic reading"
FLOW: wait ScreenId.s08
FLOW: tap button "Shuffle"
FLOW: tap button "I’m ready — draw"
FLOW: tap button "Draw for me"
FLOW: tap button "Reveal all"
FLOW: wait ScreenId.s32
16:20 +23 ~17: /Users/volodymyrshyrochuk/pet/taro/apps/taro/integration_test/flows/kill_switch_test.dart: budget hard stop with no credits: S31, never the paywall
FLOW: wait ScreenId.s05
FLOW: tap button "Start a reading"
FLOW: wait ScreenId.s06
FLOW: tap "Past, Present, Future"
FLOW: wait ScreenId.s07
FLOW: tap button "Begin"
FLOW: wait A finder that searches for widgets with text "Readings are resting for a moment".
16:22 +24 ~17: /Users/volodymyrshyrochuk/pet/taro/apps/taro/integration_test/flows/kill_switch_test.dart: budget hard stop at the hold (503 tier=hard): S31, no draw
FLOW: wait ScreenId.s05
FLOW: tap button "Start a reading"
FLOW: wait ScreenId.s06
FLOW: tap "Past, Present, Future"
FLOW: wait ScreenId.s07
FLOW: tap button "Begin"
FLOW: wait A finder that searches for widgets with text "Readings are resting for a moment".
16:23 +25 ~17: /Users/volodymyrshyrochuk/pet/taro/apps/taro/integration_test/flows/kill_switch_test.dart: (tearDownAll)
16:24 +25 ~17: loading /Users/volodymyrshyrochuk/pet/taro/apps/taro/integration_test/flows/reading_failure_refund_test.dart
Running Xcode build...                                          
Xcode build done.                                           25.2s
17:02 +25 ~17: /Users/volodymyrshyrochuk/pet/taro/apps/taro/integration_test/flows/reading_failure_refund_test.dart: AI unavailable: cards kept, refunded, retry works
FLOW: wait ScreenId.s05
FLOW: tap button "Start a reading"
FLOW: wait ScreenId.s06
FLOW: tap "Past, Present, Future"
FLOW: wait ScreenId.s07
FLOW: tap button "Begin"
FLOW: wait ScreenId.s08
FLOW: wait ScreenId.s08
FLOW: tap button "Shuffle"
FLOW: tap button "I’m ready — draw"
FLOW: tap button "Draw for me"
FLOW: tap button "Reveal all"
FLOW: wait A finder that searches for widgets with text "We couldn’t create your reading".
FLOW: tap button "Try again"
FLOW: wait ScreenId.s09
17:08 +26 ~17: /Users/volodymyrshyrochuk/pet/taro/apps/taro/integration_test/flows/reading_failure_refund_test.dart: (tearDownAll)
17:08 +26 ~17: All tests passed!
rc=0
