run_integration: platform=ios device=71126966-3BFA-4B26-B560-81896B4636AA
Resolving dependencies in `/Users/volodymyrshyrochuk/pet/taro`...
Downloading packages...
  _fe_analyzer_shared 96.0.0 (108.0.0 available)
  analyzer 10.2.0 (14.4.0 available)
  build 4.0.7 (4.0.11 available)
  build_runner 2.15.1 (2.16.1 available)
  built_collection 5.1.1 (5.1.2 available)
! cli_util 0.5.2 (overridden) (0.6.0 available)
  clock 1.1.2 (1.1.3 available)
  code_assets 1.2.1 (2.1.0 available)
  connectivity_plus 7.3.1 (7.3.2 available)
  cross_file 0.3.5+5 (0.4.0 available)
  cupertino_ui 1.0.2 (1.1.1 available)
  dart_style 3.1.7 (3.1.13 available)
  dbus 0.7.15 (0.8.0 available)
  device_info_plus 13.2.0 (13.3.0 available)
  drift 2.34.0 (2.35.1 available)
  drift_dev 2.34.0 (2.35.1 available)
  equatable 2.1.0 (3.0.0 available)
  file_picker_linux 2.0.0 (2.0.1 available)
  flutter_timezone 5.1.0 (5.1.1 available)
  freezed 3.2.5 (4.0.2 available)
  frontend_server_client 4.0.0 (4.1.0 available)
  go_router 18.0.1 (18.0.2 available)
  hooks 2.0.2 (2.2.0 available)
  intl 0.20.2 (0.20.3 available)
  jni 1.0.3 (1.1.0 available)
  matcher 0.12.19 (0.12.20 available)
  material_color_utilities 0.13.0 (0.13.1 available)
  material_ui 1.2.0 (1.5.0 available)
  meta 1.18.0 (1.19.0 available)
  native_toolchain_c 0.19.2 (0.19.5 available)
  nm 0.5.0 (0.6.0 available)
  objective_c 9.5.0 (9.6.2 available)
  package_config 2.2.0 (3.0.0 available)
  package_info_plus 10.2.1 (10.2.2 available)
  petitparser 7.0.2 (7.1.0 available)
  platform 3.1.6 (3.2.0 available)
  record_use 0.6.0 (1.1.1 available)
  share_plus 13.3.0 (13.3.1 available)
  source_gen 4.2.4 (4.3.0 available)
  sqlite3 3.5.2 (3.7.0 available)
  sqlparser 0.44.5 (0.45.0 available)
  stack_trace 1.12.1 (1.12.2 available)
  test 1.31.0 (1.32.0 available)
  test_api 0.7.11 (0.7.14 available)
  test_core 0.6.17 (0.6.20 available)
  url_launcher 6.3.2 (6.3.3 available)
  vector_math 2.2.0 (2.4.3 available)
  very_good_analysis 10.3.0 (11.0.0 available)
  webview_flutter_wkwebview 3.26.1 (3.27.0 available)
  xml 7.0.1 (7.1.0 available)
Got dependencies in `/Users/volodymyrshyrochuk/pet/taro`!
50 packages have newer versions incompatible with dependency constraints.
Try `flutter pub outdated` for more information.
00:00 +0: loading /Users/volodymyrshyrochuk/pet/taro/apps/taro/integration_test/staging/smoke_test.dart
Running pod install...                                             54.6s
Running Xcode build...                                          
Xcode build done.                                           55.2s
00:00 +0: /Users/volodymyrshyrochuk/pet/taro/apps/taro/integration_test/staging/smoke_test.dart: staging: register, balance, one free reading
00:00 +0 ~1: /Users/volodymyrshyrochuk/pet/taro/apps/taro/integration_test/staging/smoke_test.dart: (tearDownAll)
00:00 +0 ~1: loading /Users/volodymyrshyrochuk/pet/taro/apps/taro/integration_test/qa/screenshot_tour_test.dart
Running Xcode build...                                          
Xcode build done.                                           21.5s
00:29 +0 ~1: /Users/volodymyrshyrochuk/pet/taro/apps/taro/integration_test/qa/screenshot_tour_test.dart: QA screenshot tour [en_light] [en_light] onboarding S01–S05
  Skip: QA screenshot tour: pass --dart-define=QA_MODE=<mode> to run it
00:29 +0 ~2: /Users/volodymyrshyrochuk/pet/taro/apps/taro/integration_test/qa/screenshot_tour_test.dart: QA screenshot tour [en_light] [en_light] main tour S05–S29, S33
  Skip: QA screenshot tour: pass --dart-define=QA_MODE=<mode> to run it
00:29 +0 ~3: /Users/volodymyrshyrochuk/pet/taro/apps/taro/integration_test/qa/screenshot_tour_test.dart: QA screenshot tour [en_light] [en_light] paywall S10–S12
  Skip: QA screenshot tour: pass --dart-define=QA_MODE=<mode> to run it
00:29 +0 ~4: /Users/volodymyrshyrochuk/pet/taro/apps/taro/integration_test/qa/screenshot_tour_test.dart: QA screenshot tour [en_light] [en_light] paused S31 + classic S32
  Skip: QA screenshot tour: pass --dart-define=QA_MODE=<mode> to run it
00:29 +0 ~5: /Users/volodymyrshyrochuk/pet/taro/apps/taro/integration_test/qa/screenshot_tour_test.dart: QA screenshot tour [en_light] [en_light] AI declined re-entry S04 + celtic cross
  Skip: QA screenshot tour: pass --dart-define=QA_MODE=<mode> to run it
00:29 +0 ~6: /Users/volodymyrshyrochuk/pet/taro/apps/taro/integration_test/qa/screenshot_tour_test.dart: QA screenshot tour [en_light] [en_light] refusal S07 (rephrase + refused)
  Skip: QA screenshot tour: pass --dart-define=QA_MODE=<mode> to run it
00:29 +0 ~7: /Users/volodymyrshyrochuk/pet/taro/apps/taro/integration_test/qa/screenshot_tour_test.dart: QA screenshot tour [en_light] [en_light] update required S30
  Skip: QA screenshot tour: pass --dart-define=QA_MODE=<mode> to run it
00:29 +0 ~8: /Users/volodymyrshyrochuk/pet/taro/apps/taro/integration_test/qa/screenshot_tour_test.dart: (tearDownAll)
00:29 +0 ~8: loading /Users/volodymyrshyrochuk/pet/taro/apps/taro/integration_test/qa/staging_e2e_test.dart
Running Xcode build...                                          
Xcode build done.                                           21.2s
00:58 +0 ~8: /Users/volodymyrshyrochuk/pet/taro/apps/taro/integration_test/qa/staging_e2e_test.dart: B1 onboarding and registration
00:58 +0 ~9: /Users/volodymyrshyrochuk/pet/taro/apps/taro/integration_test/qa/staging_e2e_test.dart: B2 paywall and rewarded ad
00:58 +0 ~10: /Users/volodymyrshyrochuk/pet/taro/apps/taro/integration_test/qa/staging_e2e_test.dart: B3 safety: rephrase and crisis
00:58 +0 ~11: /Users/volodymyrshyrochuk/pet/taro/apps/taro/integration_test/qa/staging_e2e_test.dart: B9 refusal state: health, gambling, crisis
00:58 +0 ~12: /Users/volodymyrshyrochuk/pet/taro/apps/taro/integration_test/qa/staging_e2e_test.dart: B4 single reading en and journal
00:58 +0 ~13: /Users/volodymyrshyrochuk/pet/taro/apps/taro/integration_test/qa/staging_e2e_test.dart: B5 ar: three_ppf reading and report
00:58 +0 ~14: /Users/volodymyrshyrochuk/pet/taro/apps/taro/integration_test/qa/staging_e2e_test.dart: B6 de: three_ppf reading
00:58 +0 ~15: /Users/volodymyrshyrochuk/pet/taro/apps/taro/integration_test/qa/staging_e2e_test.dart: B7 offline, export, delete, import
00:58 +0 ~16: /Users/volodymyrshyrochuk/pet/taro/apps/taro/integration_test/qa/staging_e2e_test.dart: B8 unverified: no attestation token
00:58 +0 ~17: /Users/volodymyrshyrochuk/pet/taro/apps/taro/integration_test/qa/staging_e2e_test.dart: (tearDownAll)
00:59 +0 ~17: loading /Users/volodymyrshyrochuk/pet/taro/apps/taro/integration_test/qa/ios_explore_test.dart
Running Xcode build...                                          
Xcode build done.                                           22.8s
01:30 +0 ~17: /Users/volodymyrshyrochuk/pet/taro/apps/taro/integration_test/qa/ios_explore_test.dart: E ios exploratory
01:30 +0 ~18: /Users/volodymyrshyrochuk/pet/taro/apps/taro/integration_test/qa/ios_explore_test.dart: (tearDownAll)
01:30 +0 ~18: loading /Users/volodymyrshyrochuk/pet/taro/apps/taro/integration_test/fts5_spike_test.dart
Running Xcode build...                                          
Xcode build done.                                           18.3s
01:57 +0 ~18: /Users/volodymyrshyrochuk/pet/taro/apps/taro/integration_test/fts5_spike_test.dart: FTS5 MATCH works in memory
FTS5_SPIKE memory: Fts5ProbeResult(sqlite 3.53.4, fts5: true, matched: 1)
01:57 +1 ~18: /Users/volodymyrshyrochuk/pet/taro/apps/taro/integration_test/fts5_spike_test.dart: FTS5 MATCH works through driftDatabase (file)
FTS5_SPIKE driftDatabase: Fts5ProbeResult(sqlite 3.53.4, fts5: true, matched: 1)
01:57 +2 ~18: /Users/volodymyrshyrochuk/pet/taro/apps/taro/integration_test/fts5_spike_test.dart: (tearDownAll)
01:57 +2 ~18: loading /Users/volodymyrshyrochuk/pet/taro/apps/taro/integration_test/perf/draw_screen_perf_test.dart
Running Xcode build...                                          
Xcode build done.                                           23.4s
02:29 +2 ~18: /Users/volodymyrshyrochuk/pet/taro/apps/taro/integration_test/perf/draw_screen_perf_test.dart: draw screen: frame timing summary
FLOW: wait ScreenId.s05
FLOW: tap button "Start a reading"
FLOW: wait ScreenId.s06
FLOW: tap "Past, Present, Future"
FLOW: wait ScreenId.s07
FLOW: tap button "Begin"
FLOW: wait ScreenId.s08
FLOW: wait ScreenId.s08
FLOW: tap button "Shuffle"
FLOW: tap button "I’m ready — draw"
FLOW: tap button "Draw for me"
FLOW: tap button "Reveal all"
FLOW: wait ScreenId.s09
══╡ EXCEPTION CAUGHT BY FLUTTER TEST FRAMEWORK ╞════════════════════════════════════════════════════
The following TestFailure was thrown running a test:
timed out waiting: condition

When the exception was thrown, this was the stack:
#0      fail (package:matcher/src/expect/expect.dart:187:31)
#1      FlowApp.waitUntil (file:///Users/volodymyrshyrochuk/pet/taro/apps/taro/integration_test/support/flow_harness.dart:263:9)
<asynchronous suspension>
#2      main.<anonymous closure> (file:///Users/volodymyrshyrochuk/pet/taro/apps/taro/integration_test/perf/draw_screen_perf_test.dart:33:5)
<asynchronous suspension>
#3      taroFlow.<anonymous closure> (file:///Users/volodymyrshyrochuk/pet/taro/apps/taro/integration_test/support/flow_harness.dart:60:5)
<asynchronous suspension>
#4      patrolWidgetTest.<anonymous closure> (package:patrol_finders/src/common.dart:47:7)
<asynchronous suspension>
#5      testWidgets.<anonymous closure>.<anonymous closure> (package:flutter_test/src/widget_tester.dart:192:15)
<asynchronous suspension>
#6      TestWidgetsFlutterBinding._runTestBody (package:flutter_test/src/binding.dart:1952:5)
<asynchronous suspension>
<asynchronous suspension>
(elided one frame from package:stack_trace)

The test description was:
  draw screen: frame timing summary
════════════════════════════════════════════════════════════════════════════════════════════════════
02:48 +2 ~18 -1: /Users/volodymyrshyrochuk/pet/taro/apps/taro/integration_test/perf/draw_screen_perf_test.dart: draw screen: frame timing summary [E]
  Test failed. See exception logs above.
  The test description was: draw screen: frame timing summary
  
02:48 +2 ~18 -1: /Users/volodymyrshyrochuk/pet/taro/apps/taro/integration_test/perf/draw_screen_perf_test.dart: (tearDownAll)
02:49 +2 ~18 -1: loading /Users/volodymyrshyrochuk/pet/taro/apps/taro/integration_test/perf/cold_start_test.dart
Running Xcode build...                                          
Xcode build done.                                           23.9s
03:22 +2 ~18 -1: /Users/volodymyrshyrochuk/pet/taro/apps/taro/integration_test/perf/cold_start_test.dart: cold start: bootstrap → first frame → first screen
FINE taro.analytics.console: consent analytics=false ad=false ad_user_data=false ad_personalization=false
WARNING taro.api: E03 failed: INTERNAL (status 404, request 6dbe3f1d-170b-45a9-a959-18247b902b84)
WARNING taro.install: install registration failed: INTERNAL
WARNING taro.sync: sync step register failed: INTERNAL
WARNING taro.api: E02 failed: INTERNAL (status 404, request 771158b2-5281-4515-b464-f294546b47c3)
FINE taro: config refresh failed: INTERNAL
WARNING taro.sync: sync step config failed: INTERNAL
FINE taro: balance sync (launch) failed: UNAUTHENTICATED
WARNING taro.sync: sync step balance failed: UNAUTHENTICATED
INFO taro.entitlement: ownership query failed: PRODUCT_UNAVAILABLE
unhandled error during finalization of test:
/Users/volodymyrshyrochuk/pet/taro/apps/taro/integration_test/perf/cold_start_test.dart
PathNotFoundException: Deletion failed, path = '/var/folders/yw/6538gcvx0dl9yms3y34052j00000gn/T/flutter_tools.JHp4yg/flutter_test_listener.7qRDQy' (OS Error: No such file or directory, errno = 2)
#0      _Directory._deleteSync (dart:io/directory_impl.dart:216:7)
#1      FileSystemEntity.deleteSync (dart:io/file_system_entity.dart:425:7)
#2      ForwardingFileSystemEntity.deleteSync (package:file/src/forwarding/forwarding_file_system_entity.dart:70:16)
#3      ErrorHandlingDirectory.deleteSync.<anonymous closure> (package:flutter_tools/src/base/error_handling_io.dart:715:22)
#4      _runSync (package:flutter_tools/src/base/error_handling_io.dart:1116:16)
#5      ErrorHandlingDirectory.deleteSync (package:flutter_tools/src/base/error_handling_io.dart:714:12)
#6      FlutterPlatform._createListenerDart.<anonymous closure> (package:flutter_tools/src/test/flutter_platform.dart:787:15)
#7      FlutterPlatform._startTest.finalize (package:flutter_tools/src/test/flutter_platform.dart:592:26)
<asynchronous suspension>
#8      asyncGuard.<anonymous closure> (package:flutter_tools/src/base/async_guard.dart:108:24)
<asynchronous suspension>

