Resolving dependencies in `/Users/volodymyrshyrochuk/pet/taro`...
Downloading packages...
  _fe_analyzer_shared 96.0.0 (108.0.0 available)
  analyzer 10.2.0 (14.4.0 available)
  build 4.0.7 (4.0.11 available)
  build_runner 2.15.1 (2.16.1 available)
  built_collection 5.1.1 (5.1.2 available)
! cli_util 0.5.2 (overridden) (0.6.0 available)
  clock 1.1.2 (1.1.3 available)
  code_assets 1.2.1 (2.1.0 available)
  connectivity_plus 7.3.1 (7.3.2 available)
  cross_file 0.3.5+5 (0.4.0 available)
  cupertino_ui 1.0.2 (1.1.1 available)
  dart_style 3.1.7 (3.1.13 available)
  dbus 0.7.15 (0.8.0 available)
  device_info_plus 13.2.0 (13.3.0 available)
  drift 2.34.0 (2.35.1 available)
  drift_dev 2.34.0 (2.35.1 available)
  equatable 2.1.0 (3.0.0 available)
  file_picker_linux 2.0.0 (2.0.1 available)
  flutter_timezone 5.1.0 (5.1.1 available)
  freezed 3.2.5 (4.0.2 available)
  frontend_server_client 4.0.0 (4.1.0 available)
  go_router 18.0.1 (18.0.2 available)
  hooks 2.0.2 (2.2.0 available)
  intl 0.20.2 (0.20.3 available)
  jni 1.0.3 (1.1.0 available)
  matcher 0.12.19 (0.12.20 available)
  material_color_utilities 0.13.0 (0.13.1 available)
  material_ui 1.2.0 (1.5.0 available)
  meta 1.18.0 (1.19.0 available)
  native_toolchain_c 0.19.2 (0.19.5 available)
  nm 0.5.0 (0.6.0 available)
  objective_c 9.5.0 (9.6.2 available)
  package_config 2.2.0 (3.0.0 available)
  package_info_plus 10.2.1 (10.2.2 available)
  petitparser 7.0.2 (7.1.0 available)
  platform 3.1.6 (3.2.0 available)
  record_use 0.6.0 (1.1.1 available)
  share_plus 13.3.0 (13.3.1 available)
  source_gen 4.2.4 (4.3.0 available)
  sqlite3 3.5.2 (3.7.0 available)
  sqlparser 0.44.5 (0.45.0 available)
  stack_trace 1.12.1 (1.12.2 available)
  test 1.31.0 (1.32.0 available)
  test_api 0.7.11 (0.7.14 available)
  test_core 0.6.17 (0.6.20 available)
  url_launcher 6.3.2 (6.3.3 available)
  vector_math 2.2.0 (2.4.3 available)
  very_good_analysis 10.3.0 (11.0.0 available)
  webview_flutter_wkwebview 3.26.1 (3.27.0 available)
  xml 7.0.1 (7.1.0 available)
Got dependencies in `/Users/volodymyrshyrochuk/pet/taro`!
50 packages have newer versions incompatible with dependency constraints.
Try `flutter pub outdated` for more information.
00:00 +0: loading /Users/volodymyrshyrochuk/pet/taro/apps/taro/integration_test/qa/ios_explore_test.dart
Running Xcode build...                                          
Xcode build done.                                           21.7s
00:00 +0: E ios exploratory
INFO taro.install: install identity created
QA: STEP E0 onboarding
QA: tap A finder that searches for widgets with text "Get started".
WARNING taro.attestation: attestation deviceSignal failed: unsupported
QA: tap A finder that searches for widgets with text "I understand".
INFO taro.install: install registered (trust: high)
INFO taro.entitlement: ownership query failed: PRODUCT_UNAVAILABLE
QA: tap A finder that searches for widgets with text "Allow AI readings".
QA: balance: CreditBalance(free: FreeAllowance(limit: 1, used: 0, remaining: 1, localDate: 2026-10-04, resetsAt: 2026-10-04 21:00:00.000Z, timezone: Europe/Kiev, paused: false), bonus: 0, paid: 0, canRead: true, canReadReason: null, nextSource: ChargeSource.free, rewarded: RewardedStatus(enabled: true, amount: 1, dailyCap: 3, grantedToday: 0, available: true, cooldownEndsAt: null), paidBlocked: false, purchasesAllowed: true, purchasesBlockedReason: null, ledgerVersion: 0, serverTime: 2026-10-04 18:24:31.000Z, syncedAt: 2026-10-04 18:24:31.615729Z)
QA_HOST: shot E0_home_en
QA: E0 flashes: []
QA: PASS E0 onboarding
QA: STEP E1a reading en
QA: balance before E1a_en reading: CreditBalance(free: FreeAllowance(limit: 1, used: 0, remaining: 1, localDate: 2026-10-04, resetsAt: 2026-10-04 21:00:00.000Z, timezone: Europe/Kiev, paused: false), bonus: 0, paid: 0, canRead: true, canReadReason: null, nextSource: ChargeSource.free, rewarded: RewardedStatus(enabled: true, amount: 1, dailyCap: 3, grantedToday: 0, available: true, cooldownEndsAt: null), paidBlocked: false, purchasesAllowed: true, purchasesBlockedReason: null, ledgerVersion: 0, serverTime: 2026-10-04 18:24:31.000Z, syncedAt: 2026-10-04 18:24:31.615729Z)
QA: tap A finder that searches for widgets with type "TaroButton" that are ancestors of widgets with text "Start a reading".
QA_HOST: shot E1a_en_spreads
QA: tap A finder that searches for widgets with text "Past, Present, Future".
QA: tap A finder that searches for widgets with type "TaroButton" that are ancestors of widgets with text "Begin".
QA: tap A finder that searches for widgets with type "TaroButton" that are ancestors of widgets with text "Shuffle".
QA: tap A finder that searches for widgets with type "TaroButton" that are ancestors of widgets with text "I’m ready — draw".
QA: tap A finder that searches for widgets with type "TaroButton" that are ancestors of widgets with text "Draw for me".
QA: tap A finder that searches for widgets with type "TaroButton" that are ancestors of widgets with text "Reveal all".
QA: TIMING E1a_en reading=13833ms
QA_HOST: shot E1a_result_en
QA: PASS E1a reading en
QA: STEP E1b S09 swipe back home
QA: edge swipe on /home
QA: after S09 swipe: /home
QA_HOST: shot E1b_home_after_swipe
QA: PASS E1b S09 swipe back home
QA: STEP E1c journal S15 S09 back
QA: tap A finder that searches for widgets with text "Journal".
QA: tap A finder that searches for widgets with text containing What should I focus on this week? (ignoring all but first).
QA_HOST: shot E1c_S15
QA: tap A finder that searches for widgets with text "Full reading".
QA_HOST: shot E1c_S09_from_S15
QA: tap A finder that searches for widgets with widget matching predicate.
QA: S09 Done -> /journal
QA_HOST: shot E1c_S15_after_done
QA: tap A finder that searches for widgets with text "Full reading".
QA: edge swipe on /journal
QA: S09 swipe -> /journal
QA_HOST: shot E1c_S15_after_swipe
QA: edge swipe on /journal
QA: S15 swipe -> /journal
QA_HOST: shot E1c_S14_after_swipe
QA: PASS E1c journal S15 S09 back
QA: STEP E1 language uk
QA: tap A finder that searches for widgets with text "Settings".
QA: tap A finder that searches for widgets with text "Language".
QA_HOST: shot E1_language_picker
QA: tap A finder that searches for widgets with key [<'uk'>].
QA: tap A finder that searches for widgets with a semantics label named "Назад".
QA_HOST: shot E1_settings_uk
QA: tap A finder that searches for widgets with text "Сьогодні".
QA_HOST: shot E1_home_uk
QA: PASS E1 language uk
QA: STEP E2 reading uk
QA_HOST: grant 817997d8
QA: balance before E2_uk reading: CreditBalance(free: FreeAllowance(limit: 1, used: 1, remaining: 0, localDate: 2026-10-04, resetsAt: 2026-10-04 21:00:00.000Z, timezone: Europe/Kiev, paused: false), bonus: 4, paid: 0, canRead: true, canReadReason: null, nextSource: ChargeSource.bonus, rewarded: RewardedStatus(enabled: true, amount: 1, dailyCap: 3, grantedToday: 0, available: true, cooldownEndsAt: null), paidBlocked: false, purchasesAllowed: true, purchasesBlockedReason: null, ledgerVersion: 3, serverTime: 2026-10-04 18:25:59.000Z, syncedAt: 2026-10-04 18:25:59.477668Z)
QA: tap A finder that searches for widgets with type "TaroButton" that are ancestors of widgets with text "Почати тлумачення".
QA_HOST: shot E2_uk_spreads
QA: tap A finder that searches for widgets with text "Минуле, теперішнє, майбутнє".
QA: tap A finder that searches for widgets with type "TaroButton" that are ancestors of widgets with text "Почати".
QA: tap A finder that searches for widgets with type "TaroButton" that are ancestors of widgets with text "Перетасувати".
QA: tap A finder that searches for widgets with type "TaroButton" that are ancestors of widgets with text "Готово, тягнемо карти".
QA: tap A finder that searches for widgets with type "TaroButton" that are ancestors of widgets with text "Витягнути за мене".
QA: tap A finder that searches for widgets with type "TaroButton" that are ancestors of widgets with text "Відкрити всі".
QA: TIMING E2_uk reading=13997ms
QA_HOST: shot E2_result_uk_top
QA: S09 uk: Минуле, теперішнє, майбутнє · нд, 4 жовт. | Перевернута | Минуле | Теперішнє | Перевернута | Майбутнє | «⁨На чому мені варто зосередитися цього тижня?⁩» | Створено ШІ | Світло, коло й опора | Цього тижня Ви можете зосередитися на тому, що дає радість, відчуття близькості та зручний для Вас ритм спілкування. Сонце й Трійка Кубків запрошують помітити, як особисте задоволення поєднується зі спільними моментами, а тема опори додає запитання про комфортні умови для цього. | Минуле · Сонце, перевернута | Сонце в перевернутому положенні може запрошувати придивитися до колишніх сумнівів у власному праві на радість. Дитина на білому коні під яскравим сонцем нагадує про просте задоволення, якому часом важко дати місце. Якщо Вам знайома звичка оцінювати себе через чужу увагу, вона може впливати на вибір занять. Цього тижня можна помічати, що приємне Вам саме по собі. | Теперішнє · Трійка Кубків | Трійка Кубків у прямому положенні запрошує цього тижня звернути увагу на можливість розділити радість. Три постаті з піднятими кубками серед плодів і квітів можуть бути образом спілкування, де є місце Вашій участі. Якщо Вам хочеться компанії, корисно помітити, який формат зустрічі додає легкості. Невелика спільна приємність може стати способом підтримати відчуття близькості без вимоги до великого святкування. | Майбутнє · Четвірка Жезлів, перевернута | Четвірка Жезлів у перевернутому положенні може спрямувати Вашу увагу цього тижня до умов, у яких Вам зручно бути разом з іншими. Брама з квітковою гірляндою запрошує подумати про власне відчуття гостинності й належності. Якщо звичний формат зустрічей потребує перегляду, Ви можете дослідити скромніший простір для радості. Можливий напрям тут — увага до особистих меж і тихої вдячності. | Як карти пов’язані між собою | Перевернуте Сонце й пряма Трійка Кубків поєднують особисту радість із можливістю поділитися нею цього тижня. Трійка Кубків і перевернута Четвірка Жезлів додають питання про те, які умови роблять спілкування комфортним для Вас. Дві перевернуті карти можуть запросити уважніше придивитися до власного способу відпочивати й святкувати. Запишіть одну невелику приємність, для якої Ви хотіли б залишити місце цього тижня. | Питання для роздумів | Що в образі Сонця допомагає Вам подумати про радість цього тижня? | Написати про це | Який формат спільного часу міг би бути приємним Вам цього тижня? | Написати про це | Як Ви описали б комфортний для себе простір зустрічі, дивлячись на браму Четвірки Жезлів? | Написати про це
QA: S09 uk latin strings: []
QA_HOST: shot E2_result_uk_bottom
QA: tap A finder that searches for widgets with widget matching predicate.
QA: PASS E2 reading uk
QA: STEP E3 journal search filter
QA: tap A finder that searches for widgets with text "Щоденник".
QA_HOST: shot E3_journal_uk
QA_HOST: shot E3_search_hit
QA_HOST: shot E3_search_empty
QA: tap A finder that searches for widgets with text "Карти дня".
QA_HOST: shot E3_filter_daily
QA: filter daily: Щоденник | Пошук у питаннях і нотатках | Усе | Тлумачення | Карти дня | Обране | Фільтр | Нічого не відповідає цьому фільтру | Скинути фільтр | Сьогодні | Щоденник | Навчання | Налаштування | Щоденник | Пошук у питаннях і нотатках | 󰄽 | Усе | Тлумачення | Карти дня | Обране
QA: tap A finder that searches for widgets with text "Тлумачення".
QA: tap A finder that searches for widgets with text "Обране".
QA_HOST: shot E3_filter_fav
QA: tap A finder that searches for widgets with text "Усе".
QA: tap A finder that searches for widgets with text "Фільтр".
QA_HOST: shot E3_filter_more_sheet
QA: more sheet: Щоденник | Пошук у питаннях і нотатках | Усе | Тлумачення | Карти дня | Обране | Фільтр | жовтень 2026 р. | На чому мені варто зосередитися цього тижня? | Минуле · Теперішнє · Майбутнє · Сьогодні | What should I focus on this week? | Минуле · Теперішнє · Майбутнє · Сьогодні | Фільтр | Розклад | Будь-який розклад | Одна карта | Минуле, теперішнє, майбутнє | Ситуація, дія, результат | Стосунки | Два шляхи | Кельтський хрест | Показати записи | Сьогодні | Щоденник | Навчання | Налаштування | Щоденник | Пошук у питаннях і нотатках | 󰄽 | Усе
QA: tap A finder that searches for widgets with text "Показати записи".
QA: tap A finder that searches for widgets with text containing На чому мені варто зосередитися цього тижня? (ignoring all but first).
QA_HOST: shot E3_entry_uk
QA: PASS E3 journal search filter
QA: STEP E4 learn card zoom
QA: tap A finder that searches for widgets with text "Навчання".
QA_HOST: shot E4_learn_uk
QA_HOST: shot E4_learn_search_empty
QA: tap A finder that searches for widgets with key [<'major_01'>].
QA_HOST: shot E4_card_detail
QA: tap A finder that searches for widgets with text "Перевернута".
QA_HOST: shot E4_card_reversed
QA: tap A finder that searches for widgets with type "TaroCardFace" (ignoring all but first).
QA_HOST: shot E4_card_zoomed
QA: tap A finder that searches for widgets with a semantics label named "Закрити".
QA: tap A finder that searches for widgets with a semantics label named "Наступна карта".
QA_HOST: shot E4_card_next
QA: PASS E4 learn card zoom
QA: STEP E5 faq legal
QA: tap A finder that searches for widgets with text "Налаштування".
QA: tap A finder that searches for widgets with text "Допомога й поширені питання".
QA_HOST: shot E5_faq
QA: faq search: Допомога й поширені питання | Пошук у довідці | Пошук у довідці | Поширені питання | Чи можна відновити куплені тлумачення? | Як відновити «Прибрати банерну рекламу»? | Що робить «Видалити всі дані»? | Чим я ділюся, коли дозволяю ШІ-тлумачення? | Допомога й поширені питання | Пошук у довідці | Пошук у довідці | 󰄽 |  | Поширені питання | Чи можна відновити куплені тлумачення? |  | Як відновити «Прибрати банерну рекламу»? |  | Що робить «Видалити всі дані»? | 
QA_HOST: shot E5_faq_search_hit
QA_HOST: shot E5_faq_search_empty
QA: tap A finder that searches for widgets with text "Правова інформація".
QA: tap A finder that searches for widgets with text "Умови використання" (ignoring all but first).
QA_HOST: shot E5_legal_terms
QA: legal terms: Правова інформація | Застереження | Умови використання | Політика конфіденційності | Ліцензії відкритого ПЗ | Умови використання | ⁦https://taro.vshyrochuk.com/terms⁩ | Відкривається у вікні браузера всередині Taro. | Читати онлайн | Умови та політика конфіденційності також доступні на taro.vshyrochuk.com | Правова інформація | Застереження
QA: tap A finder that searches for widgets with text "Політика конфіденційності" (ignoring all but first).
QA_HOST: shot E5_legal_privacy
QA: legal privacy: Правова інформація | Застереження | Умови використання | Політика конфіденційності | Ліцензії відкритого ПЗ | Політика конфіденційності | ⁦https://taro.vshyrochuk.com/privacy⁩ | Відкривається у вікні браузера всередині Taro. | Читати онлайн | Умови та політика конфіденційності також доступні на taro.vshyrochuk.com | Правова інформація | Застереження
QA: tap A finder that searches for widgets with text "Ліцензії відкритого ПЗ" (ignoring all but first).
QA_HOST: shot E5_legal_licences
QA: legal licences: Правова інформація | Застереження | Умови використання | Політика конфіденційності | Ліцензії відкритого ПЗ | Ліцензії відкритого ПЗ | Taro створено з використанням програмного забезпечення з відкритим кодом. Тут наведено кожен пакет і його ліцензію. | Переглянути ліцензії | Умови та політика конфіденційності також доступні на taro.vshyrochuk.com | Правова інформація | Застереження | Умови використання
QA: tap A finder that searches for widgets with text "Застереження" (ignoring all but first).
QA_HOST: shot E5_legal_disclaimer
QA: legal disclaimer: Правова інформація | Застереження | Умови використання | Політика конфіденційності | Ліцензії відкритого ПЗ | Карти таро для роздумів | в1 · чинна з 1 жовтня 2026 р. | Taro використовує символіку таро, щоб допомогти Вам поміркувати. Тлумачення призначені для розваги й не є передбаченнями. Вони не є медичною, юридичною, фінансовою чи психологічною порадою. | Тлумачення пише ШІ, тож вони можуть бути хибними або неочікуваними. | Taro не прогнозує майбутнє. Карти — це підказки для Ваших власних роздумів, і що карта означає для Вас, вирішуєте Ви. Якщо Вам зараз важко, поговоріть із людиною, якій довіряєте, або зверніться на лінію підтримки. | Знайти лінію підтримки | Правова інформація
QA: PASS E5 faq legal
QA: STEP E6 deep link learn card
QA_HOST: openurl taro://learn/card/major_00
QA: inject link taro://learn/card/major_00
QA: deep link at /learn/card/major_00
QA_HOST: shot E6_deeplink_major_00
QA_HOST: openurl taro://learn/card/major_99
QA: inject link taro://learn/card/major_99
QA: bad link at /home
QA_HOST: shot E6_deeplink_bad
QA_HOST: openurl taro://journal/2020-01-01
QA: inject link taro://journal/2020-01-01
QA: journal link at /journal/2020-01-01
QA_HOST: shot E6_deeplink_journal_missing
QA: PASS E6 deep link learn card
QA: STEP E7 import export
09:55 +0: E ios exploratory - did not complete [E]
09:55 +0: (tearDownAll) - did not complete [E]
09:55 +0: Some tests failed.

Failing tests:
  /Users/volodymyrshyrochuk/pet/taro/apps/taro/integration_test/qa/ios_explore_test.dart: (tearDownAll) (did not complete)
  /Users/volodymyrshyrochuk/pet/taro/apps/taro/integration_test/qa/ios_explore_test.dart: E ios exploratory (did not complete)
unhandled error during finalization of test:
/Users/volodymyrshyrochuk/pet/taro/apps/taro/integration_test/qa/ios_explore_test.dart
PathNotFoundException: Deletion failed, path = '/var/folders/yw/6538gcvx0dl9yms3y34052j00000gn/T/flutter_tools.BtPaQ8/flutter_test_listener.nqXB03' (OS Error: No such file or directory, errno = 2)
#0      _Directory._deleteSync (dart:io/directory_impl.dart:216:7)
#1      FileSystemEntity.deleteSync (dart:io/file_system_entity.dart:425:7)
#2      ForwardingFileSystemEntity.deleteSync (package:file/src/forwarding/forwarding_file_system_entity.dart:70:16)
#3      ErrorHandlingDirectory.deleteSync.<anonymous closure> (package:flutter_tools/src/base/error_handling_io.dart:715:22)
#4      _runSync (package:flutter_tools/src/base/error_handling_io.dart:1116:16)
#5      ErrorHandlingDirectory.deleteSync (package:flutter_tools/src/base/error_handling_io.dart:714:12)
#6      FlutterPlatform._createListenerDart.<anonymous closure> (package:flutter_tools/src/test/flutter_platform.dart:787:15)
#7      FlutterPlatform._startTest.finalize (package:flutter_tools/src/test/flutter_platform.dart:592:26)
<asynchronous suspension>
#8      asyncGuard.<anonymous closure> (package:flutter_tools/src/base/async_guard.dart:108:24)
<asynchronous suspension>

rc=1 wall=629s
