Resolving dependencies in `/Users/volodymyrshyrochuk/pet/taro`...
Downloading packages...
  _fe_analyzer_shared 96.0.0 (108.0.0 available)
  analyzer 10.2.0 (14.4.0 available)
  build 4.0.7 (4.0.11 available)
  build_runner 2.15.1 (2.16.1 available)
  built_collection 5.1.1 (5.1.2 available)
! cli_util 0.5.2 (overridden) (0.6.0 available)
  clock 1.1.2 (1.1.3 available)
  code_assets 1.2.1 (2.1.0 available)
  connectivity_plus 7.3.1 (7.3.2 available)
  cross_file 0.3.5+5 (0.4.0 available)
  cupertino_ui 1.0.2 (1.1.1 available)
  dart_style 3.1.7 (3.1.13 available)
  dbus 0.7.15 (0.8.0 available)
  device_info_plus 13.2.0 (13.3.0 available)
  drift 2.34.0 (2.35.1 available)
  drift_dev 2.34.0 (2.35.1 available)
  equatable 2.1.0 (3.0.0 available)
  file_picker_linux 2.0.0 (2.0.1 available)
  flutter_timezone 5.1.0 (5.1.1 available)
  freezed 3.2.5 (4.0.2 available)
  frontend_server_client 4.0.0 (4.1.0 available)
  go_router 18.0.1 (18.0.2 available)
  hooks 2.0.2 (2.2.0 available)
  intl 0.20.2 (0.20.3 available)
  jni 1.0.3 (1.1.0 available)
  matcher 0.12.19 (0.12.20 available)
  material_color_utilities 0.13.0 (0.13.1 available)
  material_ui 1.2.0 (1.5.0 available)
  meta 1.18.0 (1.19.0 available)
  native_toolchain_c 0.19.2 (0.19.5 available)
  nm 0.5.0 (0.6.0 available)
  objective_c 9.5.0 (9.6.2 available)
  package_config 2.2.0 (3.0.0 available)
  package_info_plus 10.2.1 (10.2.2 available)
  petitparser 7.0.2 (7.1.0 available)
  platform 3.1.6 (3.2.0 available)
  record_use 0.6.0 (1.1.1 available)
  share_plus 13.3.0 (13.3.1 available)
  source_gen 4.2.4 (4.3.0 available)
  sqlite3 3.5.2 (3.7.0 available)
  sqlparser 0.44.5 (0.45.0 available)
  stack_trace 1.12.1 (1.12.2 available)
  test 1.31.0 (1.32.0 available)
  test_api 0.7.11 (0.7.14 available)
  test_core 0.6.17 (0.6.20 available)
  url_launcher 6.3.2 (6.3.3 available)
  vector_math 2.2.0 (2.4.3 available)
  very_good_analysis 10.3.0 (11.0.0 available)
  webview_flutter_wkwebview 3.26.1 (3.27.0 available)
  xml 7.0.1 (7.1.0 available)
Got dependencies in `/Users/volodymyrshyrochuk/pet/taro`!
50 packages have newer versions incompatible with dependency constraints.
Try `flutter pub outdated` for more information.
00:00 +0: loading /Users/volodymyrshyrochuk/pet/taro/apps/taro/integration_test/qa/ios_explore_test.dart
Running Xcode build...                                          
Xcode build done.                                           21.9s
00:00 +0: E ios exploratory
INFO taro.install: install identity created
QA: STEP E0 onboarding
QA: tap A finder that searches for widgets with text "Get started".
WARNING taro.attestation: attestation deviceSignal failed: unsupported
QA: tap A finder that searches for widgets with text "I understand".
QA: tap A finder that searches for widgets with text "Allow AI readings".
INFO taro.install: install registered (trust: high)
INFO taro.entitlement: ownership query failed: PRODUCT_UNAVAILABLE
QA: balance: CreditBalance(free: FreeAllowance(limit: 1, used: 0, remaining: 1, localDate: 2026-10-04, resetsAt: 2026-10-04 21:00:00.000Z, timezone: Europe/Kiev, paused: false), bonus: 0, paid: 0, canRead: true, canReadReason: null, nextSource: ChargeSource.free, rewarded: RewardedStatus(enabled: true, amount: 1, dailyCap: 3, grantedToday: 0, available: true, cooldownEndsAt: null), paidBlocked: false, purchasesAllowed: true, purchasesBlockedReason: null, ledgerVersion: 0, serverTime: 2026-10-04 18:03:36.000Z, syncedAt: 2026-10-04 18:03:36.144781Z)
QA_HOST: shot E0_home_en
QA: E0 flashes: []
QA: PASS E0 onboarding
QA: STEP E1a reading en
QA: balance before E1a_en reading: CreditBalance(free: FreeAllowance(limit: 1, used: 0, remaining: 1, localDate: 2026-10-04, resetsAt: 2026-10-04 21:00:00.000Z, timezone: Europe/Kiev, paused: false), bonus: 0, paid: 0, canRead: true, canReadReason: null, nextSource: ChargeSource.free, rewarded: RewardedStatus(enabled: true, amount: 1, dailyCap: 3, grantedToday: 0, available: true, cooldownEndsAt: null), paidBlocked: false, purchasesAllowed: true, purchasesBlockedReason: null, ledgerVersion: 0, serverTime: 2026-10-04 18:03:36.000Z, syncedAt: 2026-10-04 18:03:36.144781Z)
QA: tap A finder that searches for widgets with type "TaroButton" that are ancestors of widgets with text "Start a reading".
QA_HOST: shot E1a_en_spreads
QA: tap A finder that searches for widgets with text "Past, Present, Future".
QA: tap A finder that searches for widgets with type "TaroButton" that are ancestors of widgets with text "Begin".
QA: tap A finder that searches for widgets with type "TaroButton" that are ancestors of widgets with text "Shuffle".
QA: tap A finder that searches for widgets with type "TaroButton" that are ancestors of widgets with text "I’m ready — draw".
QA: tap A finder that searches for widgets with type "TaroButton" that are ancestors of widgets with text "Draw for me".
QA: tap A finder that searches for widgets with type "TaroButton" that are ancestors of widgets with text "Reveal all".
QA: TIMING E1a_en reading=13220ms
QA_HOST: shot E1a_result_en
QA: PASS E1a reading en
QA: STEP E1b S09 swipe back home
QA: edge swipe on /home
QA: after S09 swipe: /home
QA_HOST: shot E1b_home_after_swipe
QA: PASS E1b S09 swipe back home
QA: STEP E1c journal S15 S09 back
QA: tap A finder that searches for widgets with text "Journal".
QA: tap A finder that searches for widgets with text containing What should I focus on this week? (ignoring all but first).
QA_HOST: shot E1c_S15
QA: tap A finder that searches for widgets with text "Full reading".
QA_HOST: shot E1c_S09_from_S15
QA: tap A finder that searches for widgets with widget matching predicate.
QA: S09 Done -> /journal
QA_HOST: shot E1c_S15_after_done
QA: tap A finder that searches for widgets with text "Full reading".
QA: edge swipe on /journal
QA: S09 swipe -> /journal
QA_HOST: shot E1c_S15_after_swipe
QA: edge swipe on /journal
QA: S15 swipe -> /journal
QA_HOST: shot E1c_S14_after_swipe
QA: PASS E1c journal S15 S09 back
QA: STEP E1 language uk
QA: tap A finder that searches for widgets with text "Settings".
QA: tap A finder that searches for widgets with text "Language".
QA_HOST: shot E1_language_picker
QA: tap A finder that searches for widgets with key [<'uk'>].
QA: tap A finder that searches for widgets with a semantics label named "Назад".
QA_HOST: shot E1_settings_uk
QA: tap A finder that searches for widgets with text "Сьогодні".
QA_HOST: shot E1_home_uk
QA: PASS E1 language uk
QA: STEP E6 deep link learn card
QA_HOST: openurl taro://learn/card/major_00
QA: QA_FAIL E6 deep link learn card: timed out: ScreenId.s17; screen: неділя, 4 жовтня | Доброго вечора | Безкоштовне тлумачення використано | Наступне безкоштовне тлумачення через 2 год 54 хв | ВАША КАРТА ДНЯ | Одна карта, щоб побути з нею сьогодні | Безкоштовно, працює офлайн, без ШІ. | Відкрити карту | Поставте картам питання | Виберіть розклад, за бажання напишіть питання й отримайте вдумливе ШІ-тлумачення. | Почати тлумачення | Нещодавні | A pause on the windy hill | Минуле · Теперішнє · Майбутнє · Сьогодні | Сьогодні | Щоденник | Навчання | Налаштування | неділя, 4 жовтня | Доброго вечора | Безкоштовне тлумачення використано | Наступне безкоштовне тлумачення через 2 год 54 хв | ВАША КАРТА ДНЯ | Одна карта, щоб побути з нею сьогодні | Безкоштовно, працює офлайн, без ШІ. | Відкрити карту | Поставте картам питання | Виберіть розклад, за бажання напишіть питання й отримайте вдумливе ШІ-тлумачення. | Почати тлумачення | Нещодавні
QA_HOST: shot FAIL_E6
QA: STEP E7 import export
14:28 +0: E ios exploratory - did not complete [E]
14:28 +0: (tearDownAll) - did not complete [E]
14:28 +0: Some tests failed.

Failing tests:
  /Users/volodymyrshyrochuk/pet/taro/apps/taro/integration_test/qa/ios_explore_test.dart: (tearDownAll) (did not complete)
  /Users/volodymyrshyrochuk/pet/taro/apps/taro/integration_test/qa/ios_explore_test.dart: E ios exploratory (did not complete)
